Archive member included to satisfy reference by file (symbol)

/usr/bin/../lib/gcc/arm-none-eabi/7.2.1/../../../../arm-none-eabi/lib/thumb/v7e-m/fpv4-sp/hard/libg.a(lib_a-memcpy.o)
                              /tmp/cc3YzJSJ.ltrans0.ltrans.o (memcpy)
/usr/bin/../lib/gcc/arm-none-eabi/7.2.1/../../../../arm-none-eabi/lib/thumb/v7e-m/fpv4-sp/hard/libg.a(lib_a-memset.o)
                              /tmp/cc3YzJSJ.ltrans0.ltrans.o (memset)

Discarded input sections

 .data          0x0000000000000000        0x0 build/obj/crt0_v7m.o
 .bss           0x0000000000000000        0x0 build/obj/crt0_v7m.o
 .data          0x0000000000000000        0x0 build/obj/chcoreasm_v7m.o
 .bss           0x0000000000000000        0x0 build/obj/chcoreasm_v7m.o
 .text          0x0000000000000000        0x0 /tmp/cc3YzJSJ.ltrans0.ltrans.o
 .data          0x0000000000000000        0x0 /tmp/cc3YzJSJ.ltrans0.ltrans.o
 .bss           0x0000000000000000        0x0 /tmp/cc3YzJSJ.ltrans0.ltrans.o
 .text.port_get_irq_status
                0x0000000000000000       0x14 /tmp/cc3YzJSJ.ltrans0.ltrans.o
 .text.port_irq_enabled
                0x0000000000000000       0x18 /tmp/cc3YzJSJ.ltrans0.ltrans.o
 .text.port_is_isr_context
                0x0000000000000000       0x20 /tmp/cc3YzJSJ.ltrans0.ltrans.o
 .text.chSysLock.lto_priv.49
                0x0000000000000000       0x10 /tmp/cc3YzJSJ.ltrans0.ltrans.o
 .text.chSysUnlock.lto_priv.8
                0x0000000000000000       0x38 /tmp/cc3YzJSJ.ltrans0.ltrans.o
 .text.chSysIntegrityCheckI
                0x0000000000000000      0x10c /tmp/cc3YzJSJ.ltrans0.ltrans.o
 .text.chSysGetStatusAndLockX
                0x0000000000000000       0x34 /tmp/cc3YzJSJ.ltrans0.ltrans.o
 .text.chSysRestoreStatusX
                0x0000000000000000       0x30 /tmp/cc3YzJSJ.ltrans0.ltrans.o
 .rodata.__func__.7105.lto_priv.31
                0x0000000000000000        0xc /tmp/cc3YzJSJ.ltrans0.ltrans.o
 .rodata._dbg_check_disable.str1.4
                0x0000000000000000        0x5 /tmp/cc3YzJSJ.ltrans0.ltrans.o
 .text._dbg_check_disable
                0x0000000000000000       0x24 /tmp/cc3YzJSJ.ltrans0.ltrans.o
 .rodata._dbg_check_suspend.str1.4
                0x0000000000000000        0x5 /tmp/cc3YzJSJ.ltrans0.ltrans.o
 .text._dbg_check_suspend
                0x0000000000000000       0x24 /tmp/cc3YzJSJ.ltrans0.ltrans.o
 .text.chSchDoRescheduleBehind
                0x0000000000000000       0x68 /tmp/cc3YzJSJ.ltrans0.ltrans.o
 .text.list_insert
                0x0000000000000000       0x18 /tmp/cc3YzJSJ.ltrans0.ltrans.o
 .text.chSchCanYieldS
                0x0000000000000000       0x24 /tmp/cc3YzJSJ.ltrans0.ltrans.o
 .text.chSchDoYieldS
                0x0000000000000000       0x18 /tmp/cc3YzJSJ.ltrans0.ltrans.o
 .text.chVTGetSystemTimeX.lto_priv.4
                0x0000000000000000        0xc /tmp/cc3YzJSJ.ltrans0.ltrans.o
 .text.chVTIsTimeWithinX.lto_priv.248
                0x0000000000000000       0x24 /tmp/cc3YzJSJ.ltrans0.ltrans.o
 .text.chThdStartI.lto_priv.242
                0x0000000000000000       0x2c /tmp/cc3YzJSJ.ltrans0.ltrans.o
 .text.chThdStart
                0x0000000000000000       0x20 /tmp/cc3YzJSJ.ltrans0.ltrans.o
 .text.chThdSetPriority
                0x0000000000000000       0x64 /tmp/cc3YzJSJ.ltrans0.ltrans.o
 .text.chThdTerminate
                0x0000000000000000       0x28 /tmp/cc3YzJSJ.ltrans0.ltrans.o
 .text.chThdSleepUntil
                0x0000000000000000       0x2c /tmp/cc3YzJSJ.ltrans0.ltrans.o
 .text.chThdSleepUntilWindowed
                0x0000000000000000       0x3c /tmp/cc3YzJSJ.ltrans0.ltrans.o
 .text.chThdYield
                0x0000000000000000       0x10 /tmp/cc3YzJSJ.ltrans0.ltrans.o
 .text.chThdWait
                0x0000000000000000       0x78 /tmp/cc3YzJSJ.ltrans0.ltrans.o
 .text.chThdSuspendTimeoutS
                0x0000000000000000       0x4c /tmp/cc3YzJSJ.ltrans0.ltrans.o
 .text.chThdResumeS
                0x0000000000000000       0x40 /tmp/cc3YzJSJ.ltrans0.ltrans.o
 .text.chThdResume
                0x0000000000000000       0x20 /tmp/cc3YzJSJ.ltrans0.ltrans.o
 .rodata.__func__.7272
                0x0000000000000000        0xc /tmp/cc3YzJSJ.ltrans0.ltrans.o
 .rodata.__func__.7838.lto_priv.338
                0x0000000000000000       0x11 /tmp/cc3YzJSJ.ltrans0.ltrans.o
 .rodata.__func__.7871
                0x0000000000000000        0xa /tmp/cc3YzJSJ.ltrans0.ltrans.o
 .rodata.__func__.7882
                0x0000000000000000       0x15 /tmp/cc3YzJSJ.ltrans0.ltrans.o
 .rodata.__func__.7894
                0x0000000000000000        0xd /tmp/cc3YzJSJ.ltrans0.ltrans.o
 .text.port_lock.lto_priv.107
                0x0000000000000000       0x10 /tmp/cc3YzJSJ.ltrans0.ltrans.o
 .text.port_unlock.lto_priv.77
                0x0000000000000000       0x10 /tmp/cc3YzJSJ.ltrans0.ltrans.o
 .text.chSysLock.lto_priv.51
                0x0000000000000000       0x10 /tmp/cc3YzJSJ.ltrans0.ltrans.o
 .text.chSysUnlock.lto_priv.10
[...]
Memory Configuration

Name             Origin             Length             Attributes
flash            0x0000000008000000 0x0000000000100000
ram0             0x0000000020000000 0x0000000000020000
ram1             0x0000000020000000 0x000000000001c000
ram2             0x000000002001c000 0x0000000000004000
ram3             0x0000000000000000 0x0000000000000000
ram4             0x0000000010000000 0x0000000000010000
ram5             0x0000000040024000 0x0000000000001000
ram6             0x0000000000000000 0x0000000000000000
ram7             0x0000000000000000 0x0000000000000000
*default*        0x0000000000000000 0xffffffffffffffff

Linker script and memory map

LOAD build/obj/crt0_v7m.o
LOAD build/obj/chcoreasm_v7m.o
LOAD /tmp/cc3YzJSJ.ltrans0.ltrans.o
                0x0000000020000000                __ram0_start__ = ORIGIN (ram0)
                0x0000000000020000                __ram0_size__ = LENGTH (ram0)
                0x0000000020020000                __ram0_end__ = (__ram0_start__ + __ram0_size__)
                0x0000000020000000                __ram1_start__ = ORIGIN (ram1)
                0x000000000001c000                __ram1_size__ = LENGTH (ram1)
                0x000000002001c000                __ram1_end__ = (__ram1_start__ + __ram1_size__)
                0x000000002001c000                __ram2_start__ = ORIGIN (ram2)
                0x0000000000004000                __ram2_size__ = LENGTH (ram2)
                0x0000000020020000                __ram2_end__ = (__ram2_start__ + __ram2_size__)
                0x0000000000000000                __ram3_start__ = ORIGIN (ram3)
                0x0000000000000000                __ram3_size__ = LENGTH (ram3)
                0x0000000000000000                __ram3_end__ = (__ram3_start__ + __ram3_size__)
                0x0000000010000000                __ram4_start__ = ORIGIN (ram4)
                0x0000000000010000                __ram4_size__ = LENGTH (ram4)
                0x0000000010010000                __ram4_end__ = (__ram4_start__ + __ram4_size__)
                0x0000000040024000                __ram5_start__ = ORIGIN (ram5)
                0x0000000000001000                __ram5_size__ = LENGTH (ram5)
                0x0000000040025000                __ram5_end__ = (__ram5_start__ + __ram5_size__)
                0x0000000000000000                __ram6_start__ = ORIGIN (ram6)
                0x0000000000000000                __ram6_size__ = LENGTH (ram6)
                0x0000000000000000                __ram6_end__ = (__ram6_start__ + __ram6_size__)
                0x0000000000000000                __ram7_start__ = ORIGIN (ram7)
                0x0000000000000000                __ram7_size__ = LENGTH (ram7)
                0x0000000000000000                __ram7_end__ = (__ram7_start__ + __ram7_size__)
                0x0000000000000000                . = 0x0
                0x0000000000000000                _text = .

startup         0x0000000008000000      0x1c0
 *(.vectors)
 .vectors       0x0000000008000000      0x1c0 /tmp/cc3YzJSJ.ltrans0.ltrans.o
                0x0000000008000000                _vectors

constructors    0x00000000080001c0        0x0
                0x00000000080001c0                __init_array_start = .
 *(SORT_BY_NAME(.init_array.*))
 *(.init_array)
                0x00000000080001c0                __init_array_end = .

destructors     0x00000000080001c0        0x0
                0x00000000080001c0                __fini_array_start = .
 *(.fini_array)
 *(SORT_BY_NAME(.fini_array.*))
                0x00000000080001c0                __fini_array_end = .

.text           0x00000000080001c0     0xadec
 *(.text)
 .text          0x00000000080001c0      0x108 build/obj/crt0_v7m.o
                0x00000000080001c0                Reset_Handler
 *fill*         0x00000000080002c8        0x8 
 .text          0x00000000080002d0       0x48 build/obj/chcoreasm_v7m.o
                0x00000000080002d0                _port_switch
                0x00000000080002e8                _port_thread_start
                0x0000000008000300                _port_switch_from_isr
                0x0000000008000314                _port_exit_from_isr
 *fill*         0x0000000008000318        0x8 
 .text          0x0000000008000320      0x134 /usr/bin/../lib/gcc/arm-none-eabi/7.2.1/../../../../arm-none-eabi/lib/thumb/v7e-m/fpv4-sp/hard/libg.a(lib_a-memcpy.o)
                0x0000000008000320                memcpy
 *(.text.*)
 *fill*         0x0000000008000454        0xc 
 .text.__core_init
                0x0000000008000460        0x4 /tmp/cc3YzJSJ.ltrans0.ltrans.o
                0x0000000008000460                __core_init
 *fill*         0x0000000008000464        0xc 
 .text.__late_init
                0x0000000008000470        0x4 /tmp/cc3YzJSJ.ltrans0.ltrans.o
                0x0000000008000470                __late_init
 *fill*         0x0000000008000474        0xc 
 .text.__default_exit
                0x0000000008000480        0x4 /tmp/cc3YzJSJ.ltrans0.ltrans.o
                0x0000000008000480                __default_exit
 *fill*         0x0000000008000484        0xc 
 .text.__init_ram_areas
                0x0000000008000490       0x64 /tmp/cc3YzJSJ.ltrans0.ltrans.o
                0x0000000008000490                __init_ram_areas
 *fill*         0x00000000080004f4        0xc 
 .text._unhandled_exception
                0x0000000008000500        0x4 /tmp/cc3YzJSJ.ltrans0.ltrans.o
 *fill*         0x0000000008000504        0xc 
 .text.NVIC_SetPriorityGrouping
                0x0000000008000510       0x3c /tmp/cc3YzJSJ.ltrans0.ltrans.o
 *fill*         0x000000000800054c        0x4 
 .text.NVIC_SetPriority
                0x0000000008000550       0x4c /tmp/cc3YzJSJ.ltrans0.ltrans.o
 *fill*         0x000000000800059c        0x4 
 .text.port_init
                0x00000000080005a0       0x48 /tmp/cc3YzJSJ.ltrans0.ltrans.o
 *fill*         0x00000000080005e8        0x8 
 .text.port_lock.lto_priv.102
                0x00000000080005f0       0x10 /tmp/cc3YzJSJ.ltrans0.ltrans.o
 .text.port_unlock.lto_priv.72
                0x0000000008000600       0x10 /tmp/cc3YzJSJ.ltrans0.ltrans.o
 .text.port_lock_from_isr.lto_priv.181
                0x0000000008000610        0x8 /tmp/cc3YzJSJ.ltrans0.ltrans.o
 *fill*         0x0000000008000618        0x8 
 .text.port_unlock_from_isr.lto_priv.168
                0x0000000008000620        0x8 /tmp/cc3YzJSJ.ltrans0.ltrans.o
 *fill*         0x0000000008000628        0x8 
 .text.port_disable
                0x0000000008000630        0x4 /tmp/cc3YzJSJ.ltrans0.ltrans.o
 *fill*         0x0000000008000634        0xc 
 .text.port_enable
                0x0000000008000640       0x14 /tmp/cc3YzJSJ.ltrans0.ltrans.o
 *fill*         0x0000000008000654        0xc 
 .text.port_wait_for_interrupt
                0x0000000008000660        0x4 /tmp/cc3YzJSJ.ltrans0.ltrans.o
 *fill*         0x0000000008000664        0xc 
 .text.port_rt_get_counter_value.lto_priv.335
                0x0000000008000670        0xc /tmp/cc3YzJSJ.ltrans0.ltrans.o
 *fill*         0x000000000800067c        0x4 
 .text.chSysEnable
                0x0000000008000680        0xc /tmp/cc3YzJSJ.ltrans0.ltrans.o
 *fill*         0x000000000800068c        0x4 
 .text.chSysLockFromISR.lto_priv.158
                0x0000000008000690       0x10 /tmp/cc3YzJSJ.ltrans0.ltrans.o
 .text.chSysUnlockFromISR.lto_priv.148
                0x00000000080006a0       0x10 /tmp/cc3YzJSJ.ltrans0.ltrans.o
 .text.chVTDoTickI
                0x00000000080006b0       0x74 /tmp/cc3YzJSJ.ltrans0.ltrans.o
 *fill*         0x0000000008000724        0xc 
 .text.chRegSetThreadName.lto_priv.0
                0x0000000008000730       0x14 /tmp/cc3YzJSJ.ltrans0.ltrans.o
 *fill*         0x0000000008000744        0xc 
 .text.chRegSetThreadNameX
                0x0000000008000750       0x10 /tmp/cc3YzJSJ.ltrans0.ltrans.o
 .text._idle_thread
                0x0000000008000760        0xc /tmp/cc3YzJSJ.ltrans0.ltrans.o
 *fill*         0x000000000800076c        0x4 
 .text.chSysInit
                0x0000000008000770       0x94 /tmp/cc3YzJSJ.ltrans0.ltrans.o
 *fill*         0x0000000008000804        0xc 
 .text.chSysHalt
                0x0000000008000810       0x28 /tmp/cc3YzJSJ.ltrans0.ltrans.o
 *fill*         0x0000000008000838        0x8 
 .text.chSysTimerHandlerI
                0x0000000008000840        0xc /tmp/cc3YzJSJ.ltrans0.ltrans.o
 *fill*         0x000000000800084c        0x4 
 .text.chSysIsCounterWithinX
                0x0000000008000850       0x24 /tmp/cc3YzJSJ.ltrans0.ltrans.o
 *fill*         0x0000000008000874        0xc 
 .text.chSysPolledDelayX
                0x0000000008000880       0x30 /tmp/cc3YzJSJ.ltrans0.ltrans.o
 .text.port_lock.lto_priv.103
                0x00000000080008b0       0x10 /tmp/cc3YzJSJ.ltrans0.ltrans.o
 .text.port_unlock.lto_priv.73
                0x00000000080008c0       0x10 /tmp/cc3YzJSJ.ltrans0.ltrans.o
 .text.port_lock_from_isr.lto_priv.182
                0x00000000080008d0        0x8 /tmp/cc3YzJSJ.ltrans0.ltrans.o
 *fill*         0x00000000080008d8        0x8 
 .text.port_unlock_from_isr.lto_priv.169
                0x00000000080008e0        0x8 /tmp/cc3YzJSJ.ltrans0.ltrans.o
 *fill*         0x00000000080008e8        0x8 
 .text._dbg_check_enable
                0x00000000080008f0       0x24 /tmp/cc3YzJSJ.ltrans0.ltrans.o
 *fill*         0x0000000008000914        0xc 
 .text._dbg_check_lock
                0x0000000008000920       0x28 /tmp/cc3YzJSJ.ltrans0.ltrans.o
                0x0000000008000920                _dbg_check_lock
 *fill*         0x0000000008000948        0x8 
 .text._dbg_check_unlock
                0x0000000008000950       0x28 /tmp/cc3YzJSJ.ltrans0.ltrans.o
                0x0000000008000950                _dbg_check_unlock
 *fill*         0x0000000008000978        0x8 
 .text._dbg_check_lock_from_isr
                0x0000000008000980       0x28 /tmp/cc3YzJSJ.ltrans0.ltrans.o
 *fill*         0x00000000080009a8        0x8 
 .text._dbg_check_unlock_from_isr
                0x00000000080009b0       0x28 /tmp/cc3YzJSJ.ltrans0.ltrans.o
 *fill*         0x00000000080009d8        0x8 
 .text._dbg_check_enter_isr
                0x00000000080009e0       0x34 /tmp/cc3YzJSJ.ltrans0.ltrans.o
 *fill*         0x0000000008000a14        0xc 
 .text._dbg_check_leave_isr
                0x0000000008000a20       0x34 /tmp/cc3YzJSJ.ltrans0.ltrans.o
 *fill*         0x0000000008000a54        0xc 
 .text.chDbgCheckClassI
                0x0000000008000a60       0x24 /tmp/cc3YzJSJ.ltrans0.ltrans.o
 *fill*         0x0000000008000a84        0xc 
 .text.chDbgCheckClassS
                0x0000000008000a90       0x24 /tmp/cc3YzJSJ.ltrans0.ltrans.o
 *fill*         0x0000000008000ab4        0xc 
 .text._vt_init
                0x0000000008000ac0       0x24 /tmp/cc3YzJSJ.ltrans0.ltrans.o
 *fill*         0x0000000008000ae4        0xc 
 .text.chVTDoSetI
                0x0000000008000af0       0xb0 /tmp/cc3YzJSJ.ltrans0.ltrans.o
 .text.chVTDoResetI
                0x0000000008000ba0       0x68 /tmp/cc3YzJSJ.ltrans0.ltrans.o
 *fill*         0x0000000008000c08        0x8 
 .text.port_lock.lto_priv.104
                0x0000000008000c10       0x10 /tmp/cc3YzJSJ.ltrans0.ltrans.o
 .text.port_unlock.lto_priv.74
                0x0000000008000c20       0x10 /tmp/cc3YzJSJ.ltrans0.ltrans.o
 .text.port_lock_from_isr.lto_priv.183
                0x0000000008000c30        0x8 /tmp/cc3YzJSJ.ltrans0.ltrans.o
 *fill*         0x0000000008000c38        0x8 
 .text.port_unlock_from_isr.lto_priv.170
                0x0000000008000c40        0x8 /tmp/cc3YzJSJ.ltrans0.ltrans.o
 *fill*         0x0000000008000c48        0x8 
 .text.queue_init.lto_priv.282
                0x0000000008000c50       0x14 /tmp/cc3YzJSJ.ltrans0.ltrans.o
 *fill*         0x0000000008000c64        0xc 
 .text.queue_fifo_remove.lto_priv.309
                0x0000000008000c70       0x24 /tmp/cc3YzJSJ.ltrans0.ltrans.o
 *fill*         0x0000000008000c94        0xc 
 .text.queue_dequeue.lto_priv.331
                0x0000000008000ca0       0x20 /tmp/cc3YzJSJ.ltrans0.ltrans.o
 .text.chSchIsRescRequiredI
                0x0000000008000cc0       0x24 /tmp/cc3YzJSJ.ltrans0.ltrans.o
 *fill*         0x0000000008000ce4        0xc 
 .text.chSysLockFromISR.lto_priv.159
                0x0000000008000cf0       0x10 /tmp/cc3YzJSJ.ltrans0.ltrans.o
 .text.chSysUnlockFromISR.lto_priv.149
                0x0000000008000d00       0x10 /tmp/cc3YzJSJ.ltrans0.ltrans.o
 .text.chVTIsArmedI
                0x0000000008000d10       0x20 /tmp/cc3YzJSJ.ltrans0.ltrans.o
 .text.chSemFastSignalI
                0x0000000008000d30       0x1c /tmp/cc3YzJSJ.ltrans0.ltrans.o
 *fill*         0x0000000008000d4c        0x4 
 .text._scheduler_init
                0x0000000008000d50       0x20 /tmp/cc3YzJSJ.ltrans0.ltrans.o
 .text.chSchReadyI
                0x0000000008000d70       0x7c /tmp/cc3YzJSJ.ltrans0.ltrans.o
 *fill*         0x0000000008000dec        0x4 
 .text.chSchGoSleepS
                0x0000000008000df0       0x78 /tmp/cc3YzJSJ.ltrans0.ltrans.o
 *fill*         0x0000000008000e68        0x8 
 .text.wakeup   0x0000000008000e70       0x78 /tmp/cc3YzJSJ.ltrans0.ltrans.o
 *fill*         0x0000000008000ee8        0x8 
 .text.chSchGoSleepTimeoutS
                0x0000000008000ef0       0x68 /tmp/cc3YzJSJ.ltrans0.ltrans.o
 *fill*         0x0000000008000f58        0x8 
 .text.chSchWakeupS
                0x0000000008000f60       0xa0 /tmp/cc3YzJSJ.ltrans0.ltrans.o
 .text.chSchRescheduleS
                0x0000000008001000       0x18 /tmp/cc3YzJSJ.ltrans0.ltrans.o
 *fill*         0x0000000008001018        0x8 
 .text.chSchIsPreemptionRequired
                0x0000000008001020       0x2c /tmp/cc3YzJSJ.ltrans0.ltrans.o
 *fill*         0x000000000800104c        0x4 
 .text.chSchDoRescheduleAhead
                0x0000000008001050       0x9c /tmp/cc3YzJSJ.ltrans0.ltrans.o
 *fill*         0x00000000080010ec        0x4 
 .text.chSchDoReschedule
                0x00000000080010f0        0x8 /tmp/cc3YzJSJ.ltrans0.ltrans.o
                0x00000000080010f0                chSchDoReschedule
 *fill*         0x00000000080010f8        0x8 
 .text.port_lock.lto_priv.105
                0x0000000008001100       0x10 /tmp/cc3YzJSJ.ltrans0.ltrans.o
 .text.port_unlock.lto_priv.75
                0x0000000008001110       0x10 /tmp/cc3YzJSJ.ltrans0.ltrans.o
 .text.list_init
                0x0000000008001120       0x10 /tmp/cc3YzJSJ.ltrans0.ltrans.o
 .text.list_notempty
                0x0000000008001130       0x1c /tmp/cc3YzJSJ.ltrans0.ltrans.o
 *fill*         0x000000000800114c        0x4 
 .text.queue_init.lto_priv.283
                0x0000000008001150       0x14 /tmp/cc3YzJSJ.ltrans0.ltrans.o
 *fill*         0x0000000008001164        0xc 
 .text.queue_notempty.lto_priv.327
                0x0000000008001170       0x1c /tmp/cc3YzJSJ.ltrans0.ltrans.o
 *fill*         0x000000000800118c        0x4 
 .text.list_remove
                0x0000000008001190       0x1c /tmp/cc3YzJSJ.ltrans0.ltrans.o
 *fill*         0x00000000080011ac        0x4 
 .text.queue_insert.lto_priv.315
                0x00000000080011b0       0x28 /tmp/cc3YzJSJ.ltrans0.ltrans.o
 *fill*         0x00000000080011d8        0x8 
 .text.queue_fifo_remove.lto_priv.310
                0x00000000080011e0       0x24 /tmp/cc3YzJSJ.ltrans0.ltrans.o
 *fill*         0x0000000008001204        0xc 
 .text.chSysLock.lto_priv.50
                0x0000000008001210       0x10 /tmp/cc3YzJSJ.ltrans0.ltrans.o
 .text.chSysUnlock.lto_priv.9
                0x0000000008001220       0x38 /tmp/cc3YzJSJ.ltrans0.ltrans.o
 *fill*         0x0000000008001258        0x8 
 .text.chThdGetSelfX.lto_priv.323
                0x0000000008001260        0xc /tmp/cc3YzJSJ.ltrans0.ltrans.o
 *fill*         0x000000000800126c        0x4 
 .text.chThdSleepS
                0x0000000008001270       0x24 /tmp/cc3YzJSJ.ltrans0.ltrans.o
 *fill*         0x0000000008001294        0xc 
 .text.chThdDoDequeueNextI
                0x00000000080012a0       0x50 /tmp/cc3YzJSJ.ltrans0.ltrans.o
 .text._thread_init
                0x00000000080012f0       0x90 /tmp/cc3YzJSJ.ltrans0.ltrans.o
 .text._thread_memfill
                0x0000000008001380       0x28 /tmp/cc3YzJSJ.ltrans0.ltrans.o
 *fill*         0x00000000080013a8        0x8 
 .text.chThdCreateI
                0x00000000080013b0       0x74 /tmp/cc3YzJSJ.ltrans0.ltrans.o
 *fill*         0x0000000008001424        0xc 
 .text.chThdCreateStatic
                0x0000000008001430       0x5c /tmp/cc3YzJSJ.ltrans0.ltrans.o
 *fill*         0x000000000800148c        0x4 
 .text.chThdSleep
                0x0000000008001490       0x1c /tmp/cc3YzJSJ.ltrans0.ltrans.o
 *fill*         0x00000000080014ac        0x4 
 .text.chThdExit
                0x00000000080014b0       0x18 /tmp/cc3YzJSJ.ltrans0.ltrans.o
                0x00000000080014b0                chThdExit
 *fill*         0x00000000080014c8        0x8 
 .text.chThdExitS
                0x00000000080014d0       0x74 /tmp/cc3YzJSJ.ltrans0.ltrans.o
 *fill*         0x0000000008001544        0xc 
 .text.chThdSuspendS
                0x0000000008001550       0x40 /tmp/cc3YzJSJ.ltrans0.ltrans.o
 .text.chThdResumeI
                0x0000000008001590       0x44 /tmp/cc3YzJSJ.ltrans0.ltrans.o
 *fill*         0x00000000080015d4        0xc 
 .text.chThdEnqueueTimeoutS
                0x00000000080015e0       0x38 /tmp/cc3YzJSJ.ltrans0.ltrans.o
 *fill*         0x0000000008001618        0x8 
 .text.chThdDequeueNextI
                0x0000000008001620       0x24 /tmp/cc3YzJSJ.ltrans0.ltrans.o
 *fill*         0x0000000008001644        0xc 
 .text.chThdDequeueAllI
                0x0000000008001650       0x24 /tmp/cc3YzJSJ.ltrans0.ltrans.o
 *fill*         0x0000000008001674        0xc 
 .text.port_rt_get_counter_value.lto_priv.336
                0x0000000008001680        0xc /tmp/cc3YzJSJ.ltrans0.ltrans.o
 *fill*         0x000000000800168c        0x4 
 .text.tm_stop  0x0000000008001690       0x74 /tmp/cc3YzJSJ.ltrans0.ltrans.o
 *fill*         0x0000000008001704        0xc 
 .text._tm_init
                0x0000000008001710       0x38 /tmp/cc3YzJSJ.ltrans0.ltrans.o
 *fill*         0x0000000008001748        0x8 
 .text.chTMObjectInit
                0x0000000008001750       0x38 /tmp/cc3YzJSJ.ltrans0.ltrans.o
 *fill*         0x0000000008001788        0x8 
 .text.chTMStartMeasurementX
                0x0000000008001790       0x18 /tmp/cc3YzJSJ.ltrans0.ltrans.o
 *fill*         0x00000000080017a8        0x8 
 .text.chTMStopMeasurementX
                0x00000000080017b0       0x24 /tmp/cc3YzJSJ.ltrans0.ltrans.o
 *fill*         0x00000000080017d4        0xc 
 .text.chTMChainMeasurementToX
                0x00000000080017e0       0x28 /tmp/cc3YzJSJ.ltrans0.ltrans.o
 *fill*         0x0000000008001808        0x8 
 .text.port_lock.lto_priv.106
                0x0000000008001810       0x10 /tmp/cc3YzJSJ.ltrans0.ltrans.o
 .text.port_unlock.lto_priv.76
                0x0000000008001820       0x10 /tmp/cc3YzJSJ.ltrans0.ltrans.o
 .text.port_lock_from_isr.lto_priv.184
                0x0000000008001830        0x8 /tmp/cc3YzJSJ.ltrans0.ltrans.o
 *fill*         0x0000000008001838        0x8 
 .text.port_unlock_from_isr.lto_priv.171
                0x0000000008001840        0x8 /tmp/cc3YzJSJ.ltrans0.ltrans.o
 *fill*         0x0000000008001848        0x8 
 .text._stats_init
                0x0000000008001850       0x2c /tmp/cc3YzJSJ.ltrans0.ltrans.o
 *fill*         0x000000000800187c        0x4 
 .text._stats_increase_irq
                0x0000000008001880       0x20 /tmp/cc3YzJSJ.ltrans0.ltrans.o
 .text._stats_ctxswc
                0x00000000080018a0       0x34 /tmp/cc3YzJSJ.ltrans0.ltrans.o
 *fill*         0x00000000080018d4        0xc 
 .text._stats_start_measure_crit_thd
                0x00000000080018e0       0x10 /tmp/cc3YzJSJ.ltrans0.ltrans.o
                0x00000000080018e0                _stats_start_measure_crit_thd
 .text._stats_stop_measure_crit_thd
                0x00000000080018f0       0x10 /tmp/cc3YzJSJ.ltrans0.ltrans.o
                0x00000000080018f0                _stats_stop_measure_crit_thd
 .text._stats_start_measure_crit_isr
                0x0000000008001900       0x10 /tmp/cc3YzJSJ.ltrans0.ltrans.o
 .text._stats_stop_measure_crit_isr
                0x0000000008001910       0x10 /tmp/cc3YzJSJ.ltrans0.ltrans.o
 .text.port_lock.lto_priv.110
                0x0000000008001920       0x10 /tmp/cc3YzJSJ.ltrans0.ltrans.o
 .text.port_unlock.lto_priv.80
                0x0000000008001930       0x10 /tmp/cc3YzJSJ.ltrans0.ltrans.o
 .text.queue_init.lto_priv.285
                0x0000000008001940       0x14 /tmp/cc3YzJSJ.ltrans0.ltrans.o
 *fill*         0x0000000008001954        0xc 
 .text.queue_notempty.lto_priv.329
                0x0000000008001960       0x1c /tmp/cc3YzJSJ.ltrans0.ltrans.o
 *fill*         0x000000000800197c        0x4 
 .text.queue_prio_insert.lto_priv.325
                0x0000000008001980       0x44 /tmp/cc3YzJSJ.ltrans0.ltrans.o
 *fill*         0x00000000080019c4        0xc 
 .text.queue_fifo_remove.lto_priv.312
                0x00000000080019d0       0x24 /tmp/cc3YzJSJ.ltrans0.ltrans.o
 *fill*         0x00000000080019f4        0xc 
 .text.queue_dequeue.lto_priv.332
                0x0000000008001a00       0x20 /tmp/cc3YzJSJ.ltrans0.ltrans.o
 .text.chSysLock.lto_priv.54
                0x0000000008001a20       0x10 /tmp/cc3YzJSJ.ltrans0.ltrans.o
 .text.chSysUnlock.lto_priv.13
                0x0000000008001a30       0x38 /tmp/cc3YzJSJ.ltrans0.ltrans.o
 *fill*         0x0000000008001a68        0x8 
 .text.chMtxQueueNotEmptyS
                0x0000000008001a70       0x1c /tmp/cc3YzJSJ.ltrans0.ltrans.o
 *fill*         0x0000000008001a8c        0x4 
 .text.chMtxObjectInit
                0x0000000008001a90       0x2c /tmp/cc3YzJSJ.ltrans0.ltrans.o
 *fill*         0x0000000008001abc        0x4 
 .text.chMtxLock
                0x0000000008001ac0       0x1c /tmp/cc3YzJSJ.ltrans0.ltrans.o
 *fill*         0x0000000008001adc        0x4 
 .text.chMtxLockS
                0x0000000008001ae0       0xfc /tmp/cc3YzJSJ.ltrans0.ltrans.o
 *fill*         0x0000000008001bdc        0x4 
 .text.chMtxUnlock
                0x0000000008001be0       0xe4 /tmp/cc3YzJSJ.ltrans0.ltrans.o
 *fill*         0x0000000008001cc4        0xc 
 .text.chEvtBroadcastFlagsI
                0x0000000008001cd0       0x68 /tmp/cc3YzJSJ.ltrans0.ltrans.o
 *fill*         0x0000000008001d38        0x8 
 .text.chEvtSignalI
                0x0000000008001d40       0x70 /tmp/cc3YzJSJ.ltrans0.ltrans.o
 .text.port_lock.lto_priv.114
                0x0000000008001db0       0x10 /tmp/cc3YzJSJ.ltrans0.ltrans.o
 .text.port_unlock.lto_priv.84
                0x0000000008001dc0       0x10 /tmp/cc3YzJSJ.ltrans0.ltrans.o
 .text.queue_init.lto_priv.287
                0x0000000008001dd0       0x14 /tmp/cc3YzJSJ.ltrans0.ltrans.o
 *fill*         0x0000000008001de4        0xc 
 .text.chSysLock.lto_priv.58
                0x0000000008001df0       0x10 /tmp/cc3YzJSJ.ltrans0.ltrans.o
 .text.chSysUnlock.lto_priv.17
                0x0000000008001e00       0x38 /tmp/cc3YzJSJ.ltrans0.ltrans.o
 *fill*         0x0000000008001e38        0x8 
 .text.chThdQueueObjectInit.lto_priv.279
                0x0000000008001e40       0x14 /tmp/cc3YzJSJ.ltrans0.ltrans.o
 *fill*         0x0000000008001e54        0xc 
 .text.chMBGetSizeI
                0x0000000008001e60       0x18 /tmp/cc3YzJSJ.ltrans0.ltrans.o
 *fill*         0x0000000008001e78        0x8 
 .text.chMBGetUsedCountI
                0x0000000008001e80       0x18 /tmp/cc3YzJSJ.ltrans0.ltrans.o
 *fill*         0x0000000008001e98        0x8 
 .text.chMBGetFreeCountI
                0x0000000008001ea0       0x24 /tmp/cc3YzJSJ.ltrans0.ltrans.o
 *fill*         0x0000000008001ec4        0xc 
 .text.chMBObjectInit
                0x0000000008001ed0       0x6c /tmp/cc3YzJSJ.ltrans0.ltrans.o
 *fill*         0x0000000008001f3c        0x4 
 .text.chMBPost
                0x0000000008001f40       0x28 /tmp/cc3YzJSJ.ltrans0.ltrans.o
 *fill*         0x0000000008001f68        0x8 
 .text.chMBPostS
                0x0000000008001f70       0x98 /tmp/cc3YzJSJ.ltrans0.ltrans.o
 *fill*         0x0000000008002008        0x8 
 .text.chMBFetch
                0x0000000008002010       0x28 /tmp/cc3YzJSJ.ltrans0.ltrans.o
 *fill*         0x0000000008002038        0x8 
 .text.chMBFetchS
                0x0000000008002040       0xa0 /tmp/cc3YzJSJ.ltrans0.ltrans.o
 .text.port_lock.lto_priv.115
                0x00000000080020e0       0x10 /tmp/cc3YzJSJ.ltrans0.ltrans.o
 .text.port_unlock.lto_priv.85
                0x00000000080020f0       0x10 /tmp/cc3YzJSJ.ltrans0.ltrans.o
 .text.queue_init.lto_priv.288
                0x0000000008002100       0x14 /tmp/cc3YzJSJ.ltrans0.ltrans.o
 *fill*         0x0000000008002114        0xc 
 .text.chSysLock.lto_priv.59
                0x0000000008002120       0x10 /tmp/cc3YzJSJ.ltrans0.ltrans.o
 .text.chSysUnlock.lto_priv.18
                0x0000000008002130       0x38 /tmp/cc3YzJSJ.ltrans0.ltrans.o
 *fill*         0x0000000008002168        0x8 
 .text.chThdQueueObjectInit.lto_priv.280
                0x0000000008002170       0x14 /tmp/cc3YzJSJ.ltrans0.ltrans.o
 *fill*         0x0000000008002184        0xc 
 .text.chIQIsEmptyI.lto_priv.273
                0x0000000008002190       0x20 /tmp/cc3YzJSJ.ltrans0.ltrans.o
 .text.chIQIsFullI
                0x00000000080021b0       0x34 /tmp/cc3YzJSJ.ltrans0.ltrans.o
 *fill*         0x00000000080021e4        0xc 
 .text.chOQIsEmptyI.lto_priv.206
                0x00000000080021f0       0x34 /tmp/cc3YzJSJ.ltrans0.ltrans.o
 *fill*         0x0000000008002224        0xc 
 .text.chOQIsFullI.lto_priv.271
                0x0000000008002230       0x20 /tmp/cc3YzJSJ.ltrans0.ltrans.o
 .text.chIQObjectInit
                0x0000000008002250       0x48 /tmp/cc3YzJSJ.ltrans0.ltrans.o
 *fill*         0x0000000008002298        0x8 
 .text.chIQPutI
                0x00000000080022a0       0x64 /tmp/cc3YzJSJ.ltrans0.ltrans.o
 *fill*         0x0000000008002304        0xc 
 .text.chIQGetTimeout
                0x0000000008002310       0x84 /tmp/cc3YzJSJ.ltrans0.ltrans.o
 *fill*         0x0000000008002394        0xc 
 .text.chIQReadTimeout
                0x00000000080023a0       0xb8 /tmp/cc3YzJSJ.ltrans0.ltrans.o
 *fill*         0x0000000008002458        0x8 
 .text.chOQObjectInit
                0x0000000008002460       0x48 /tmp/cc3YzJSJ.ltrans0.ltrans.o
 *fill*         0x00000000080024a8        0x8 
 .text.chOQPutTimeout
                0x00000000080024b0       0x88 /tmp/cc3YzJSJ.ltrans0.ltrans.o
 *fill*         0x0000000008002538        0x8 
 .text.chOQGetI
                0x0000000008002540       0x60 /tmp/cc3YzJSJ.ltrans0.ltrans.o
 .text.chOQWriteTimeout
                0x00000000080025a0       0xb8 /tmp/cc3YzJSJ.ltrans0.ltrans.o
 *fill*         0x0000000008002658        0x8 
 .text.port_lock.lto_priv.116
                0x0000000008002660       0x10 /tmp/cc3YzJSJ.ltrans0.ltrans.o
 .text.port_unlock.lto_priv.86
                0x0000000008002670       0x10 /tmp/cc3YzJSJ.ltrans0.ltrans.o
 .text.chSysLock.lto_priv.60
                0x0000000008002680       0x10 /tmp/cc3YzJSJ.ltrans0.ltrans.o
 .text.chSysUnlock.lto_priv.19
                0x0000000008002690       0x38 /tmp/cc3YzJSJ.ltrans0.ltrans.o
 *fill*         0x00000000080026c8        0x8 
 .text._core_init
                0x00000000080026d0       0x2c /tmp/cc3YzJSJ.ltrans0.ltrans.o
 *fill*         0x00000000080026fc        0x4 
 .text.chCoreAlloc
                0x0000000008002700       0x20 /tmp/cc3YzJSJ.ltrans0.ltrans.o
 .text.chCoreAllocI
                0x0000000008002720       0x50 /tmp/cc3YzJSJ.ltrans0.ltrans.o
 .text._heap_init
                0x0000000008002770       0x28 /tmp/cc3YzJSJ.ltrans0.ltrans.o
 *fill*         0x0000000008002798        0x8 
 .text.port_lock.lto_priv.117
                0x00000000080027a0       0x10 /tmp/cc3YzJSJ.ltrans0.ltrans.o
 .text.port_unlock.lto_priv.87
                0x00000000080027b0       0x10 /tmp/cc3YzJSJ.ltrans0.ltrans.o
 .text.chSysLock.lto_priv.61
                0x00000000080027c0       0x10 /tmp/cc3YzJSJ.ltrans0.ltrans.o
 .text.chSysUnlock.lto_priv.20
                0x00000000080027d0       0x38 /tmp/cc3YzJSJ.ltrans0.ltrans.o
 *fill*         0x0000000008002808        0x8 
 .text.chPoolAdd
                0x0000000008002810       0x18 /tmp/cc3YzJSJ.ltrans0.ltrans.o
 *fill*         0x0000000008002828        0x8 
 .text.chPoolObjectInit
                0x0000000008002830       0x38 /tmp/cc3YzJSJ.ltrans0.ltrans.o
 *fill*         0x0000000008002868        0x8 
 .text.chPoolLoadArray
                0x0000000008002870       0x48 /tmp/cc3YzJSJ.ltrans0.ltrans.o
 *fill*         0x00000000080028b8        0x8 
 .text.chPoolAllocI
                0x00000000080028c0       0x54 /tmp/cc3YzJSJ.ltrans0.ltrans.o
 *fill*         0x0000000008002914        0xc 
 .text.chPoolAlloc
                0x0000000008002920       0x20 /tmp/cc3YzJSJ.ltrans0.ltrans.o
 .text.chPoolFreeI
                0x0000000008002940       0x3c /tmp/cc3YzJSJ.ltrans0.ltrans.o
 *fill*         0x000000000800297c        0x4 
 .text.chPoolFree
                0x0000000008002980       0x20 /tmp/cc3YzJSJ.ltrans0.ltrans.o
 .text.port_lock.lto_priv.118
                0x00000000080029a0       0x10 /tmp/cc3YzJSJ.ltrans0.ltrans.o
 .text.port_unlock.lto_priv.88
                0x00000000080029b0       0x10 /tmp/cc3YzJSJ.ltrans0.ltrans.o
 .text.port_lock_from_isr.lto_priv.185
                0x00000000080029c0        0x8 /tmp/cc3YzJSJ.ltrans0.ltrans.o
 *fill*         0x00000000080029c8        0x8 
 .text.port_unlock_from_isr.lto_priv.172
                0x00000000080029d0        0x8 /tmp/cc3YzJSJ.ltrans0.ltrans.o
 *fill*         0x00000000080029d8        0x8 
 .text.SVC_Handler
                0x00000000080029e0       0x3c /tmp/cc3YzJSJ.ltrans0.ltrans.o
 *fill*         0x0000000008002a1c        0x4 
 .text._port_irq_epilogue
                0x0000000008002a20       0x7c /tmp/cc3YzJSJ.ltrans0.ltrans.o
 *fill*         0x0000000008002a9c        0x4 
 .text.osalInit
                0x0000000008002aa0        0x4 /tmp/cc3YzJSJ.ltrans0.ltrans.o
 *fill*         0x0000000008002aa4        0xc 
 .text.halInit  0x0000000008002ab0       0x34 /tmp/cc3YzJSJ.ltrans0.ltrans.o
 *fill*         0x0000000008002ae4        0xc 
 .text.stInit   0x0000000008002af0        0x8 /tmp/cc3YzJSJ.ltrans0.ltrans.o
 *fill*         0x0000000008002af8        0x8 
 .text.port_lock.lto_priv.119
                0x0000000008002b00       0x10 /tmp/cc3YzJSJ.ltrans0.ltrans.o
 .text.port_unlock.lto_priv.89
                0x0000000008002b10       0x10 /tmp/cc3YzJSJ.ltrans0.ltrans.o
 .text.queue_init.lto_priv.289
                0x0000000008002b20       0x14 /tmp/cc3YzJSJ.ltrans0.ltrans.o
 *fill*         0x0000000008002b34        0xc 
 .text.chSysLock.lto_priv.62
                0x0000000008002b40       0x10 /tmp/cc3YzJSJ.ltrans0.ltrans.o
 .text.chSysUnlock.lto_priv.21
                0x0000000008002b50       0x38 /tmp/cc3YzJSJ.ltrans0.ltrans.o
 *fill*         0x0000000008002b88        0x8 
 .text.chVTGetSystemTimeX.lto_priv.5
                0x0000000008002b90        0xc /tmp/cc3YzJSJ.ltrans0.ltrans.o
 *fill*         0x0000000008002b9c        0x4 
 .text.chThdQueueObjectInit.lto_priv.281
                0x0000000008002ba0       0x14 /tmp/cc3YzJSJ.ltrans0.ltrans.o
 *fill*         0x0000000008002bb4        0xc 
 .text.osalSysLock.lto_priv.228
                0x0000000008002bc0        0x8 /tmp/cc3YzJSJ.ltrans0.ltrans.o
 *fill*         0x0000000008002bc8        0x8 
 .text.osalSysUnlock.lto_priv.219
                0x0000000008002bd0        0x8 /tmp/cc3YzJSJ.ltrans0.ltrans.o
 *fill*         0x0000000008002bd8        0x8 
 .text.osalOsGetSystemTimeX.lto_priv.246
                0x0000000008002be0        0xc /tmp/cc3YzJSJ.ltrans0.ltrans.o
 *fill*         0x0000000008002bec        0x4 
 .text.osalThreadQueueObjectInit
                0x0000000008002bf0       0x14 /tmp/cc3YzJSJ.ltrans0.ltrans.o
 *fill*         0x0000000008002c04        0xc 
 .text.osalThreadEnqueueTimeoutS
                0x0000000008002c10       0x1c /tmp/cc3YzJSJ.ltrans0.ltrans.o
 *fill*         0x0000000008002c2c        0x4 
 .text.osalThreadDequeueNextI
                0x0000000008002c30       0x18 /tmp/cc3YzJSJ.ltrans0.ltrans.o
 *fill*         0x0000000008002c48        0x8 
 .text.osalThreadDequeueAllI
                0x0000000008002c50       0x18 /tmp/cc3YzJSJ.ltrans0.ltrans.o
 *fill*         0x0000000008002c68        0x8 
 .text.ibqObjectInit
                0x0000000008002c70       0x88 /tmp/cc3YzJSJ.ltrans0.ltrans.o
 *fill*         0x0000000008002cf8        0x8 
 .text.ibqResetI
                0x0000000008002d00       0x40 /tmp/cc3YzJSJ.ltrans0.ltrans.o
 .text.ibqGetEmptyBufferI
                0x0000000008002d40       0x40 /tmp/cc3YzJSJ.ltrans0.ltrans.o
 .text.ibqPostFullBufferI
                0x0000000008002d80       0x98 /tmp/cc3YzJSJ.ltrans0.ltrans.o
 *fill*         0x0000000008002e18        0x8 
 .text.ibqGetFullBufferTimeoutS
                0x0000000008002e20       0x64 /tmp/cc3YzJSJ.ltrans0.ltrans.o
 *fill*         0x0000000008002e84        0xc 
 .text.ibqReleaseEmptyBufferS
                0x0000000008002e90       0x64 /tmp/cc3YzJSJ.ltrans0.ltrans.o
 *fill*         0x0000000008002ef4        0xc 
 .text.ibqGetTimeout
                0x0000000008002f00       0x60 /tmp/cc3YzJSJ.ltrans0.ltrans.o
 .text.ibqReadTimeout
                0x0000000008002f60      0x120 /tmp/cc3YzJSJ.ltrans0.ltrans.o
 .text.obqObjectInit
                0x0000000008003080       0x88 /tmp/cc3YzJSJ.ltrans0.ltrans.o
 *fill*         0x0000000008003108        0x8 
 .text.obqResetI
                0x0000000008003110       0x40 /tmp/cc3YzJSJ.ltrans0.ltrans.o
 .text.obqGetFullBufferI
                0x0000000008003150       0x4c /tmp/cc3YzJSJ.ltrans0.ltrans.o
 *fill*         0x000000000800319c        0x4 
 .text.obqReleaseEmptyBufferI
                0x00000000080031a0       0x74 /tmp/cc3YzJSJ.ltrans0.ltrans.o
 *fill*         0x0000000008003214        0xc 
 .text.obqGetEmptyBufferTimeoutS
                0x0000000008003220       0x60 /tmp/cc3YzJSJ.ltrans0.ltrans.o
 .text.obqPostFullBufferS
                0x0000000008003280       0x88 /tmp/cc3YzJSJ.ltrans0.ltrans.o
 *fill*         0x0000000008003308        0x8 
 .text.obqPutTimeout
                0x0000000008003310       0x70 /tmp/cc3YzJSJ.ltrans0.ltrans.o
 .text.obqWriteTimeout
                0x0000000008003380      0x128 /tmp/cc3YzJSJ.ltrans0.ltrans.o
 *fill*         0x00000000080034a8        0x8 
 .text.obqTryFlushI
                0x00000000080034b0       0x94 /tmp/cc3YzJSJ.ltrans0.ltrans.o
 *fill*         0x0000000008003544        0xc 
 .text._mmcsd_get_slice
                0x0000000008003550       0x9c /tmp/cc3YzJSJ.ltrans0.ltrans.o
 *fill*         0x00000000080035ec        0x4 
 .text._mmcsd_get_capacity
                0x00000000080035f0       0x80 /tmp/cc3YzJSJ.ltrans0.ltrans.o
 .text._mmcsd_get_capacity_ext
                0x0000000008003670       0x44 /tmp/cc3YzJSJ.ltrans0.ltrans.o
 *fill*         0x00000000080036b4        0xc 
 .text.osalMutexObjectInit
                0x00000000080036c0       0x14 /tmp/cc3YzJSJ.ltrans0.ltrans.o
 *fill*         0x00000000080036d4        0xc 
 .text.i2cInit  0x00000000080036e0        0x8 /tmp/cc3YzJSJ.ltrans0.ltrans.o
 *fill*         0x00000000080036e8        0x8 
 .text.i2cObjectInit
                0x00000000080036f0       0x24 /tmp/cc3YzJSJ.ltrans0.ltrans.o
 *fill*         0x0000000008003714        0xc 
 .text.port_lock.lto_priv.121
                0x0000000008003720       0x10 /tmp/cc3YzJSJ.ltrans0.ltrans.o
 .text.port_unlock.lto_priv.91
                0x0000000008003730       0x10 /tmp/cc3YzJSJ.ltrans0.ltrans.o
 .text.chSysLock.lto_priv.64
                0x0000000008003740       0x10 /tmp/cc3YzJSJ.ltrans0.ltrans.o
 .text.chSysUnlock.lto_priv.23
                0x0000000008003750       0x38 /tmp/cc3YzJSJ.ltrans0.ltrans.o
 *fill*         0x0000000008003788        0x8 
 .text.osalSysLock.lto_priv.230
                0x0000000008003790        0x8 /tmp/cc3YzJSJ.ltrans0.ltrans.o
 *fill*         0x0000000008003798        0x8 
 .text.osalSysUnlock.lto_priv.221
                0x00000000080037a0        0x8 /tmp/cc3YzJSJ.ltrans0.ltrans.o
 *fill*         0x00000000080037a8        0x8 
 .text.osalThreadSleep.lto_priv.217
                0x00000000080037b0       0x14 /tmp/cc3YzJSJ.ltrans0.ltrans.o
 *fill*         0x00000000080037c4        0xc 
 .text.mode_detect
                0x00000000080037d0       0x98 /tmp/cc3YzJSJ.ltrans0.ltrans.o
 *fill*         0x0000000008003868        0x8 
 .text.mmc_init
                0x0000000008003870       0x68 /tmp/cc3YzJSJ.ltrans0.ltrans.o
 *fill*         0x00000000080038d8        0x8 
 .text.sdc_init
                0x00000000080038e0       0xa4 /tmp/cc3YzJSJ.ltrans0.ltrans.o
 *fill*         0x0000000008003984        0xc 
 .text.mmc_cmd6_construct
                0x0000000008003990       0x4c /tmp/cc3YzJSJ.ltrans0.ltrans.o
 *fill*         0x00000000080039dc        0x4 
 .text.sdc_cmd6_construct
                0x00000000080039e0       0x60 /tmp/cc3YzJSJ.ltrans0.ltrans.o
 .text.sdc_cmd6_extract_info
                0x0000000008003a40       0x40 /tmp/cc3YzJSJ.ltrans0.ltrans.o
 .text.sdc_cmd6_check_status
                0x0000000008003a80       0x4c /tmp/cc3YzJSJ.ltrans0.ltrans.o
 *fill*         0x0000000008003acc        0x4 
 .text.sdc_detect_bus_clk
                0x0000000008003ad0      0x104 /tmp/cc3YzJSJ.ltrans0.ltrans.o
 *fill*         0x0000000008003bd4        0xc 
 .text.mmc_detect_bus_clk
                0x0000000008003be0       0x64 /tmp/cc3YzJSJ.ltrans0.ltrans.o
 *fill*         0x0000000008003c44        0xc 
 .text.detect_bus_clk
                0x0000000008003c50       0x34 /tmp/cc3YzJSJ.ltrans0.ltrans.o
 *fill*         0x0000000008003c84        0xc 
 .text.sdc_set_bus_width
                0x0000000008003c90       0x7c /tmp/cc3YzJSJ.ltrans0.ltrans.o
 *fill*         0x0000000008003d0c        0x4 
 .text.mmc_set_bus_width
                0x0000000008003d10       0x90 /tmp/cc3YzJSJ.ltrans0.ltrans.o
 .text._sdc_wait_for_transfer_state
                0x0000000008003da0       0x58 /tmp/cc3YzJSJ.ltrans0.ltrans.o
 *fill*         0x0000000008003df8        0x8 
 .text.sdcInit  0x0000000008003e00        0x8 /tmp/cc3YzJSJ.ltrans0.ltrans.o
 *fill*         0x0000000008003e08        0x8 
 .text.sdcObjectInit
                0x0000000008003e10       0x2c /tmp/cc3YzJSJ.ltrans0.ltrans.o
 *fill*         0x0000000008003e3c        0x4 
 .text.sdcConnect
                0x0000000008003e40      0x1d8 /tmp/cc3YzJSJ.ltrans0.ltrans.o
 *fill*         0x0000000008004018        0x8 
 .text.sdcDisconnect
                0x0000000008004020       0x7c /tmp/cc3YzJSJ.ltrans0.ltrans.o
 *fill*         0x000000000800409c        0x4 
 .text.sdcRead  0x00000000080040a0       0x80 /tmp/cc3YzJSJ.ltrans0.ltrans.o
 .text.sdcWrite
                0x0000000008004120       0x80 /tmp/cc3YzJSJ.ltrans0.ltrans.o
 .text.sdcSync  0x00000000080041a0       0x48 /tmp/cc3YzJSJ.ltrans0.ltrans.o
 *fill*         0x00000000080041e8        0x8 
 .text.sdcGetInfo
                0x00000000080041f0       0x44 /tmp/cc3YzJSJ.ltrans0.ltrans.o
 *fill*         0x0000000008004234        0xc 
 .text.port_lock.lto_priv.122
                0x0000000008004240       0x10 /tmp/cc3YzJSJ.ltrans0.ltrans.o
 .text.port_unlock.lto_priv.92
                0x0000000008004250       0x10 /tmp/cc3YzJSJ.ltrans0.ltrans.o
 .text.chSysLock.lto_priv.65
                0x0000000008004260       0x10 /tmp/cc3YzJSJ.ltrans0.ltrans.o
 .text.chSysUnlock.lto_priv.24
                0x0000000008004270       0x38 /tmp/cc3YzJSJ.ltrans0.ltrans.o
 *fill*         0x00000000080042a8        0x8 
 .text.chEvtObjectInit.lto_priv.269
                0x00000000080042b0       0x10 /tmp/cc3YzJSJ.ltrans0.ltrans.o
 .text.chIQIsEmptyI.lto_priv.274
                0x00000000080042c0       0x20 /tmp/cc3YzJSJ.ltrans0.ltrans.o
 .text.osalSysLock.lto_priv.231
                0x00000000080042e0        0x8 /tmp/cc3YzJSJ.ltrans0.ltrans.o
 *fill*         0x00000000080042e8        0x8 
 .text.osalSysUnlock.lto_priv.222
                0x00000000080042f0        0x8 /tmp/cc3YzJSJ.ltrans0.ltrans.o
 *fill*         0x00000000080042f8        0x8 
 .text.osalEventObjectInit.lto_priv.267
                0x0000000008004300       0x14 /tmp/cc3YzJSJ.ltrans0.ltrans.o
 *fill*         0x0000000008004314        0xc 
 .text.osalEventBroadcastFlagsI.lto_priv.203
                0x0000000008004320       0x18 /tmp/cc3YzJSJ.ltrans0.ltrans.o
 *fill*         0x0000000008004338        0x8 
 .text.write.lto_priv.265
                0x0000000008004340       0x28 /tmp/cc3YzJSJ.ltrans0.ltrans.o
 *fill*         0x0000000008004368        0x8 
 .text.read.lto_priv.263
                0x0000000008004370       0x28 /tmp/cc3YzJSJ.ltrans0.ltrans.o
 *fill*         0x0000000008004398        0x8 
 .text.put.lto_priv.200
                0x00000000080043a0       0x28 /tmp/cc3YzJSJ.ltrans0.ltrans.o
 *fill*         0x00000000080043c8        0x8 
 .text.get.lto_priv.197
                0x00000000080043d0       0x20 /tmp/cc3YzJSJ.ltrans0.ltrans.o
 .text.putt.lto_priv.261
                0x00000000080043f0       0x28 /tmp/cc3YzJSJ.ltrans0.ltrans.o
 *fill*         0x0000000008004418        0x8 
 .text.gett.lto_priv.259
                0x0000000008004420       0x20 /tmp/cc3YzJSJ.ltrans0.ltrans.o
 .text.writet.lto_priv.257
                0x0000000008004440       0x28 /tmp/cc3YzJSJ.ltrans0.ltrans.o
 *fill*         0x0000000008004468        0x8 
 .text.readt.lto_priv.255
                0x0000000008004470       0x28 /tmp/cc3YzJSJ.ltrans0.ltrans.o
 *fill*         0x0000000008004498        0x8 
 .text.sdInit   0x00000000080044a0        0x8 /tmp/cc3YzJSJ.ltrans0.ltrans.o
 *fill*         0x00000000080044a8        0x8 
 .text.sdObjectInit
                0x00000000080044b0       0x60 /tmp/cc3YzJSJ.ltrans0.ltrans.o
 .text.sdStart  0x0000000008004510       0x4c /tmp/cc3YzJSJ.ltrans0.ltrans.o
 *fill*         0x000000000800455c        0x4 
 .text.sdIncomingDataI
                0x0000000008004560       0x64 /tmp/cc3YzJSJ.ltrans0.ltrans.o
 *fill*         0x00000000080045c4        0xc 
 .text.port_lock.lto_priv.123
                0x00000000080045d0       0x10 /tmp/cc3YzJSJ.ltrans0.ltrans.o
 .text.port_unlock.lto_priv.93
                0x00000000080045e0       0x10 /tmp/cc3YzJSJ.ltrans0.ltrans.o
 .text.port_lock_from_isr.lto_priv.186
                0x00000000080045f0        0x8 /tmp/cc3YzJSJ.ltrans0.ltrans.o
 *fill*         0x00000000080045f8        0x8 
 .text.port_unlock_from_isr.lto_priv.173
                0x0000000008004600        0x8 /tmp/cc3YzJSJ.ltrans0.ltrans.o
 *fill*         0x0000000008004608        0x8 
 .text.chSysLock.lto_priv.66
                0x0000000008004610       0x10 /tmp/cc3YzJSJ.ltrans0.ltrans.o
 .text.chSysUnlock.lto_priv.25
                0x0000000008004620       0x38 /tmp/cc3YzJSJ.ltrans0.ltrans.o
 *fill*         0x0000000008004658        0x8 
 .text.chSysLockFromISR.lto_priv.160
                0x0000000008004660       0x10 /tmp/cc3YzJSJ.ltrans0.ltrans.o
 .text.chSysUnlockFromISR.lto_priv.150
                0x0000000008004670       0x10 /tmp/cc3YzJSJ.ltrans0.ltrans.o
 .text.chEvtObjectInit.lto_priv.270
                0x0000000008004680       0x10 /tmp/cc3YzJSJ.ltrans0.ltrans.o
 .text.osalSysLock.lto_priv.232
                0x0000000008004690        0x8 /tmp/cc3YzJSJ.ltrans0.ltrans.o
 *fill*         0x0000000008004698        0x8 
 .text.osalSysUnlock.lto_priv.223
                0x00000000080046a0        0x8 /tmp/cc3YzJSJ.ltrans0.ltrans.o
 *fill*         0x00000000080046a8        0x8 
 .text.osalSysLockFromISR.lto_priv.140
                0x00000000080046b0        0x8 /tmp/cc3YzJSJ.ltrans0.ltrans.o
 *fill*         0x00000000080046b8        0x8 
 .text.osalSysUnlockFromISR.lto_priv.132
                0x00000000080046c0        0x8 /tmp/cc3YzJSJ.ltrans0.ltrans.o
 *fill*         0x00000000080046c8        0x8 
 .text.osalEventObjectInit.lto_priv.268
                0x00000000080046d0       0x14 /tmp/cc3YzJSJ.ltrans0.ltrans.o
 *fill*         0x00000000080046e4        0xc 
 .text.osalEventBroadcastFlagsI.lto_priv.204
                0x00000000080046f0       0x18 /tmp/cc3YzJSJ.ltrans0.ltrans.o
 *fill*         0x0000000008004708        0x8 
 .text.sdu_start_receive
                0x0000000008004710       0x80 /tmp/cc3YzJSJ.ltrans0.ltrans.o
 .text.write.lto_priv.266
                0x0000000008004790       0x38 /tmp/cc3YzJSJ.ltrans0.ltrans.o
 *fill*         0x00000000080047c8        0x8 
 .text.read.lto_priv.264
                0x00000000080047d0       0x38 /tmp/cc3YzJSJ.ltrans0.ltrans.o
 *fill*         0x0000000008004808        0x8 
 .text.put.lto_priv.201
                0x0000000008004810       0x3c /tmp/cc3YzJSJ.ltrans0.ltrans.o
 *fill*         0x000000000800484c        0x4 
 .text.get.lto_priv.198
                0x0000000008004850       0x34 /tmp/cc3YzJSJ.ltrans0.ltrans.o
 *fill*         0x0000000008004884        0xc 
 .text.putt.lto_priv.262
                0x0000000008004890       0x3c /tmp/cc3YzJSJ.ltrans0.ltrans.o
 *fill*         0x00000000080048cc        0x4 
 .text.gett.lto_priv.260
                0x00000000080048d0       0x34 /tmp/cc3YzJSJ.ltrans0.ltrans.o
 *fill*         0x0000000008004904        0xc 
 .text.writet.lto_priv.258
                0x0000000008004910       0x38 /tmp/cc3YzJSJ.ltrans0.ltrans.o
 *fill*         0x0000000008004948        0x8 
 .text.readt.lto_priv.256
                0x0000000008004950       0x38 /tmp/cc3YzJSJ.ltrans0.ltrans.o
 *fill*         0x0000000008004988        0x8 
 .text.ibnotify
                0x0000000008004990       0x18 /tmp/cc3YzJSJ.ltrans0.ltrans.o
 *fill*         0x00000000080049a8        0x8 
 .text.obnotify
                0x00000000080049b0       0x7c /tmp/cc3YzJSJ.ltrans0.ltrans.o
 *fill*         0x0000000008004a2c        0x4 
 .text.sduInit  0x0000000008004a30        0x4 /tmp/cc3YzJSJ.ltrans0.ltrans.o
 *fill*         0x0000000008004a34        0xc 
 .text.sduObjectInit
                0x0000000008004a40       0x6c /tmp/cc3YzJSJ.ltrans0.ltrans.o
 *fill*         0x0000000008004aac        0x4 
 .text.sduStart
                0x0000000008004ab0       0x8c /tmp/cc3YzJSJ.ltrans0.ltrans.o
 *fill*         0x0000000008004b3c        0x4 
 .text.sduDisconnectI
                0x0000000008004b40       0x2c /tmp/cc3YzJSJ.ltrans0.ltrans.o
 *fill*         0x0000000008004b6c        0x4 
 .text.sduConfigureHookI
                0x0000000008004b70       0x34 /tmp/cc3YzJSJ.ltrans0.ltrans.o
 *fill*         0x0000000008004ba4        0xc 
 .text.sduRequestsHook
                0x0000000008004bb0       0x78 /tmp/cc3YzJSJ.ltrans0.ltrans.o
 *fill*         0x0000000008004c28        0x8 
 .text.sduSOFHookI
                0x0000000008004c30       0x8c /tmp/cc3YzJSJ.ltrans0.ltrans.o
 *fill*         0x0000000008004cbc        0x4 
 .text.sduDataTransmitted
                0x0000000008004cc0       0xdc /tmp/cc3YzJSJ.ltrans0.ltrans.o
 *fill*         0x0000000008004d9c        0x4 
 .text.sduDataReceived
                0x0000000008004da0       0x74 /tmp/cc3YzJSJ.ltrans0.ltrans.o
 *fill*         0x0000000008004e14        0xc 
 .text.sduInterruptTransmitted
                0x0000000008004e20       0x10 /tmp/cc3YzJSJ.ltrans0.ltrans.o
 .text.port_lock.lto_priv.124
                0x0000000008004e30       0x10 /tmp/cc3YzJSJ.ltrans0.ltrans.o
 .text.port_unlock.lto_priv.94
                0x0000000008004e40       0x10 /tmp/cc3YzJSJ.ltrans0.ltrans.o
 .text.port_lock_from_isr.lto_priv.187
                0x0000000008004e50        0x8 /tmp/cc3YzJSJ.ltrans0.ltrans.o
 *fill*         0x0000000008004e58        0x8 
 .text.port_unlock_from_isr.lto_priv.174
                0x0000000008004e60        0x8 /tmp/cc3YzJSJ.ltrans0.ltrans.o
 *fill*         0x0000000008004e68        0x8 
 .text.chSysLock.lto_priv.67
                0x0000000008004e70       0x10 /tmp/cc3YzJSJ.ltrans0.ltrans.o
 .text.chSysUnlock.lto_priv.26
                0x0000000008004e80       0x38 /tmp/cc3YzJSJ.ltrans0.ltrans.o
 *fill*         0x0000000008004eb8        0x8 
 .text.chSysLockFromISR.lto_priv.161
                0x0000000008004ec0       0x10 /tmp/cc3YzJSJ.ltrans0.ltrans.o
 .text.chSysUnlockFromISR.lto_priv.151
                0x0000000008004ed0       0x10 /tmp/cc3YzJSJ.ltrans0.ltrans.o
 .text.osalSysLock.lto_priv.233
                0x0000000008004ee0        0x8 /tmp/cc3YzJSJ.ltrans0.ltrans.o
 *fill*         0x0000000008004ee8        0x8 
 .text.osalSysUnlock.lto_priv.224
                0x0000000008004ef0        0x8 /tmp/cc3YzJSJ.ltrans0.ltrans.o
 *fill*         0x0000000008004ef8        0x8 
 .text.osalSysLockFromISR.lto_priv.141
                0x0000000008004f00        0x8 /tmp/cc3YzJSJ.ltrans0.ltrans.o
 *fill*         0x0000000008004f08        0x8 
 .text.osalSysUnlockFromISR.lto_priv.133
                0x0000000008004f10        0x8 /tmp/cc3YzJSJ.ltrans0.ltrans.o
 *fill*         0x0000000008004f18        0x8 
 .text.osalThreadResumeI.lto_priv.210
                0x0000000008004f20       0x18 /tmp/cc3YzJSJ.ltrans0.ltrans.o
 *fill*         0x0000000008004f38        0x8 
 .text.get_hword
                0x0000000008004f40       0x30 /tmp/cc3YzJSJ.ltrans0.ltrans.o
 .text.set_address
                0x0000000008004f70       0x3c /tmp/cc3YzJSJ.ltrans0.ltrans.o
 *fill*         0x0000000008004fac        0x4 
 .text.default_handler
                0x0000000008004fb0      0x3e0 /tmp/cc3YzJSJ.ltrans0.ltrans.o
 .text.usbInit  0x0000000008005390        0x8 /tmp/cc3YzJSJ.ltrans0.ltrans.o
 *fill*         0x0000000008005398        0x8 
 .text.usbObjectInit
                0x00000000080053a0       0x4c /tmp/cc3YzJSJ.ltrans0.ltrans.o
 *fill*         0x00000000080053ec        0x4 
 .text.usbStart
                0x00000000080053f0       0x74 /tmp/cc3YzJSJ.ltrans0.ltrans.o
 *fill*         0x0000000008005464        0xc 
 .text.usbInitEndpointI
                0x0000000008005470       0x9c /tmp/cc3YzJSJ.ltrans0.ltrans.o
 *fill*         0x000000000800550c        0x4 
 .text.usbDisableEndpointsI
                0x0000000008005510       0xd8 /tmp/cc3YzJSJ.ltrans0.ltrans.o
 *fill*         0x00000000080055e8        0x8 
 .text.usbStartReceiveI
                0x00000000080055f0       0xa0 /tmp/cc3YzJSJ.ltrans0.ltrans.o
 .text.usbStartTransmitI
                0x0000000008005690       0xa0 /tmp/cc3YzJSJ.ltrans0.ltrans.o
 .text._usb_reset
                0x0000000008005730       0xec /tmp/cc3YzJSJ.ltrans0.ltrans.o
 *fill*         0x000000000800581c        0x4 
 .text._usb_suspend
                0x0000000008005820       0xb4 /tmp/cc3YzJSJ.ltrans0.ltrans.o
 *fill*         0x00000000080058d4        0xc 
 .text._usb_wakeup
                0x00000000080058e0       0x2c /tmp/cc3YzJSJ.ltrans0.ltrans.o
 *fill*         0x000000000800590c        0x4 
 .text._usb_ep0setup
                0x0000000008005910      0x160 /tmp/cc3YzJSJ.ltrans0.ltrans.o
 .text._usb_ep0in
                0x0000000008005a70      0x144 /tmp/cc3YzJSJ.ltrans0.ltrans.o
 *fill*         0x0000000008005bb4        0xc 
 .text._usb_ep0out
                0x0000000008005bc0      0x100 /tmp/cc3YzJSJ.ltrans0.ltrans.o
 .text.nvicEnableVector
                0x0000000008005cc0       0x54 /tmp/cc3YzJSJ.ltrans0.ltrans.o
 *fill*         0x0000000008005d14        0xc 
 .text.nvicSetSystemHandlerPriority
                0x0000000008005d20       0x38 /tmp/cc3YzJSJ.ltrans0.ltrans.o
 *fill*         0x0000000008005d58        0x8 
 .text.hal_lld_backup_domain_init
                0x0000000008005d60       0x40 /tmp/cc3YzJSJ.ltrans0.ltrans.o
 .text.hal_lld_init
                0x0000000008005da0       0x64 /tmp/cc3YzJSJ.ltrans0.ltrans.o
 *fill*         0x0000000008005e04        0xc 
 .text.stm32_clock_init
                0x0000000008005e10       0xf0 /tmp/cc3YzJSJ.ltrans0.ltrans.o
 .text.Vector6C
                0x0000000008005f00       0x48 /tmp/cc3YzJSJ.ltrans0.ltrans.o
 *fill*         0x0000000008005f48        0x8 
 .text.Vector70
                0x0000000008005f50       0x4c /tmp/cc3YzJSJ.ltrans0.ltrans.o
 *fill*         0x0000000008005f9c        0x4 
 .text.Vector74
                0x0000000008005fa0       0x4c /tmp/cc3YzJSJ.ltrans0.ltrans.o
 *fill*         0x0000000008005fec        0x4 
 .text.Vector78
                0x0000000008005ff0       0x4c /tmp/cc3YzJSJ.ltrans0.ltrans.o
 *fill*         0x000000000800603c        0x4 
 .text.Vector7C
                0x0000000008006040       0x48 /tmp/cc3YzJSJ.ltrans0.ltrans.o
 *fill*         0x0000000008006088        0x8 
 .text.Vector80
                0x0000000008006090       0x4c /tmp/cc3YzJSJ.ltrans0.ltrans.o
 *fill*         0x00000000080060dc        0x4 
 .text.Vector84
                0x00000000080060e0       0x4c /tmp/cc3YzJSJ.ltrans0.ltrans.o
 *fill*         0x000000000800612c        0x4 
 .text.VectorFC
                0x0000000008006130       0x4c /tmp/cc3YzJSJ.ltrans0.ltrans.o
 *fill*         0x000000000800617c        0x4 
 .text.Vector120
                0x0000000008006180       0x48 /tmp/cc3YzJSJ.ltrans0.ltrans.o
 *fill*         0x00000000080061c8        0x8 
 .text.Vector124
                0x00000000080061d0       0x4c /tmp/cc3YzJSJ.ltrans0.ltrans.o
 *fill*         0x000000000800621c        0x4 
 .text.Vector128
                0x0000000008006220       0x4c /tmp/cc3YzJSJ.ltrans0.ltrans.o
 *fill*         0x000000000800626c        0x4 
 .text.Vector12C
                0x0000000008006270       0x4c /tmp/cc3YzJSJ.ltrans0.ltrans.o
 *fill*         0x00000000080062bc        0x4 
 .text.Vector130
                0x00000000080062c0       0x48 /tmp/cc3YzJSJ.ltrans0.ltrans.o
 *fill*         0x0000000008006308        0x8 
 .text.Vector150
                0x0000000008006310       0x4c /tmp/cc3YzJSJ.ltrans0.ltrans.o
 *fill*         0x000000000800635c        0x4 
 .text.Vector154
                0x0000000008006360       0x4c /tmp/cc3YzJSJ.ltrans0.ltrans.o
 *fill*         0x00000000080063ac        0x4 
 .text.Vector158
                0x00000000080063b0       0x4c /tmp/cc3YzJSJ.ltrans0.ltrans.o
 *fill*         0x00000000080063fc        0x4 
 .text.dmaInit  0x0000000008006400       0x70 /tmp/cc3YzJSJ.ltrans0.ltrans.o
 .text.port_lock.lto_priv.125
                0x0000000008006470       0x10 /tmp/cc3YzJSJ.ltrans0.ltrans.o
 .text.port_unlock.lto_priv.95
                0x0000000008006480       0x10 /tmp/cc3YzJSJ.ltrans0.ltrans.o
 .text.port_lock_from_isr.lto_priv.188
                0x0000000008006490        0x8 /tmp/cc3YzJSJ.ltrans0.ltrans.o
 *fill*         0x0000000008006498        0x8 
 .text.port_unlock_from_isr.lto_priv.175
                0x00000000080064a0        0x8 /tmp/cc3YzJSJ.ltrans0.ltrans.o
 *fill*         0x00000000080064a8        0x8 
 .text.chSysLockFromISR.lto_priv.162
                0x00000000080064b0       0x10 /tmp/cc3YzJSJ.ltrans0.ltrans.o
 .text.chSysUnlockFromISR.lto_priv.152
                0x00000000080064c0       0x10 /tmp/cc3YzJSJ.ltrans0.ltrans.o
 .text.osalSysLockFromISR.lto_priv.142
                0x00000000080064d0        0x8 /tmp/cc3YzJSJ.ltrans0.ltrans.o
 *fill*         0x00000000080064d8        0x8 
 .text.osalSysUnlockFromISR.lto_priv.134
                0x00000000080064e0        0x8 /tmp/cc3YzJSJ.ltrans0.ltrans.o
 *fill*         0x00000000080064e8        0x8 
 .text.osalOsTimerHandlerI
                0x00000000080064f0        0x8 /tmp/cc3YzJSJ.ltrans0.ltrans.o
 *fill*         0x00000000080064f8        0x8 
 .text.SysTick_Handler
                0x0000000008006500       0x20 /tmp/cc3YzJSJ.ltrans0.ltrans.o
 .text.st_lld_init
                0x0000000008006520       0x24 /tmp/cc3YzJSJ.ltrans0.ltrans.o
 *fill*         0x0000000008006544        0xc 
 .text.initgpio
                0x0000000008006550       0x44 /tmp/cc3YzJSJ.ltrans0.ltrans.o
 *fill*         0x0000000008006594        0xc 
 .text._pal_lld_init
                0x00000000080065a0       0xc0 /tmp/cc3YzJSJ.ltrans0.ltrans.o
 .text.port_lock.lto_priv.126
                0x0000000008006660       0x10 /tmp/cc3YzJSJ.ltrans0.ltrans.o
 .text.port_unlock.lto_priv.96
                0x0000000008006670       0x10 /tmp/cc3YzJSJ.ltrans0.ltrans.o
 .text.port_lock_from_isr.lto_priv.189
                0x0000000008006680        0x8 /tmp/cc3YzJSJ.ltrans0.ltrans.o
 *fill*         0x0000000008006688        0x8 
 .text.port_unlock_from_isr.lto_priv.176
                0x0000000008006690        0x8 /tmp/cc3YzJSJ.ltrans0.ltrans.o
 *fill*         0x0000000008006698        0x8 
 .text.chSysLockFromISR.lto_priv.163
                0x00000000080066a0       0x10 /tmp/cc3YzJSJ.ltrans0.ltrans.o
 .text.chSysUnlockFromISR.lto_priv.153
                0x00000000080066b0       0x10 /tmp/cc3YzJSJ.ltrans0.ltrans.o
 .text.osalSysLockFromISR.lto_priv.143
                0x00000000080066c0        0x8 /tmp/cc3YzJSJ.ltrans0.ltrans.o
 *fill*         0x00000000080066c8        0x8 
 .text.osalSysUnlockFromISR.lto_priv.135
                0x00000000080066d0        0x8 /tmp/cc3YzJSJ.ltrans0.ltrans.o
 *fill*         0x00000000080066d8        0x8 
 .text.osalThreadResumeI.lto_priv.211
                0x00000000080066e0       0x18 /tmp/cc3YzJSJ.ltrans0.ltrans.o
 *fill*         0x00000000080066f8        0x8 
 .text.i2c_lld_serve_event_interrupt
                0x0000000008006700      0x188 /tmp/cc3YzJSJ.ltrans0.ltrans.o
 *fill*         0x0000000008006888        0x8 
 .text.i2c_lld_serve_error_interrupt
                0x0000000008006890      0x16c /tmp/cc3YzJSJ.ltrans0.ltrans.o
 *fill*         0x00000000080069fc        0x4 
 .text.VectorBC
                0x0000000008006a00       0x20 /tmp/cc3YzJSJ.ltrans0.ltrans.o
 .text.VectorC0
                0x0000000008006a20       0x44 /tmp/cc3YzJSJ.ltrans0.ltrans.o
 *fill*         0x0000000008006a64        0xc 
 .text.i2c_lld_init
                0x0000000008006a70       0x34 /tmp/cc3YzJSJ.ltrans0.ltrans.o
 *fill*         0x0000000008006aa4        0xc 
 .text.port_lock.lto_priv.127
                0x0000000008006ab0       0x10 /tmp/cc3YzJSJ.ltrans0.ltrans.o
 .text.port_unlock.lto_priv.97
                0x0000000008006ac0       0x10 /tmp/cc3YzJSJ.ltrans0.ltrans.o
 .text.port_lock_from_isr.lto_priv.190
                0x0000000008006ad0        0x8 /tmp/cc3YzJSJ.ltrans0.ltrans.o
 *fill*         0x0000000008006ad8        0x8 
 .text.port_unlock_from_isr.lto_priv.177
                0x0000000008006ae0        0x8 /tmp/cc3YzJSJ.ltrans0.ltrans.o
 *fill*         0x0000000008006ae8        0x8 
 .text.chSysLock.lto_priv.69
                0x0000000008006af0       0x10 /tmp/cc3YzJSJ.ltrans0.ltrans.o
 .text.chSysUnlock.lto_priv.28
                0x0000000008006b00       0x38 /tmp/cc3YzJSJ.ltrans0.ltrans.o
 *fill*         0x0000000008006b38        0x8 
 .text.chSysLockFromISR.lto_priv.164
                0x0000000008006b40       0x10 /tmp/cc3YzJSJ.ltrans0.ltrans.o
 .text.chSysUnlockFromISR.lto_priv.154
                0x0000000008006b50       0x10 /tmp/cc3YzJSJ.ltrans0.ltrans.o
 .text.chThdStartI.lto_priv.243
                0x0000000008006b60       0x2c /tmp/cc3YzJSJ.ltrans0.ltrans.o
 *fill*         0x0000000008006b8c        0x4 
 .text.chRegSetThreadName.lto_priv.1
                0x0000000008006b90       0x14 /tmp/cc3YzJSJ.ltrans0.ltrans.o
 *fill*         0x0000000008006ba4        0xc 
 .text.osalSysLock.lto_priv.235
                0x0000000008006bb0        0x8 /tmp/cc3YzJSJ.ltrans0.ltrans.o
 *fill*         0x0000000008006bb8        0x8 
 .text.osalSysUnlock.lto_priv.226
                0x0000000008006bc0        0x8 /tmp/cc3YzJSJ.ltrans0.ltrans.o
 *fill*         0x0000000008006bc8        0x8 
 .text.osalSysLockFromISR.lto_priv.144
                0x0000000008006bd0        0x8 /tmp/cc3YzJSJ.ltrans0.ltrans.o
 *fill*         0x0000000008006bd8        0x8 
 .text.osalSysUnlockFromISR.lto_priv.136
                0x0000000008006be0        0x8 /tmp/cc3YzJSJ.ltrans0.ltrans.o
 *fill*         0x0000000008006be8        0x8 
 .text.osalSysPolledDelayX
                0x0000000008006bf0       0x14 /tmp/cc3YzJSJ.ltrans0.ltrans.o
 *fill*         0x0000000008006c04        0xc 
 .text.osalThreadSuspendS.lto_priv.215
                0x0000000008006c10       0x18 /tmp/cc3YzJSJ.ltrans0.ltrans.o
 *fill*         0x0000000008006c28        0x8 
 .text.osalThreadResumeI.lto_priv.212
                0x0000000008006c30       0x18 /tmp/cc3YzJSJ.ltrans0.ltrans.o
 *fill*         0x0000000008006c48        0x8 
 .text.otg_core_reset
                0x0000000008006c50       0x38 /tmp/cc3YzJSJ.ltrans0.ltrans.o
 *fill*         0x0000000008006c88        0x8 
 .text.otg_disable_ep
                0x0000000008006c90       0x90 /tmp/cc3YzJSJ.ltrans0.ltrans.o
 .text.otg_rxfifo_flush
                0x0000000008006d20       0x2c /tmp/cc3YzJSJ.ltrans0.ltrans.o
 *fill*         0x0000000008006d4c        0x4 
 .text.otg_txfifo_flush
                0x0000000008006d50       0x34 /tmp/cc3YzJSJ.ltrans0.ltrans.o
 *fill*         0x0000000008006d84        0xc 
 .text.otg_ram_reset
                0x0000000008006d90       0x14 /tmp/cc3YzJSJ.ltrans0.ltrans.o
 *fill*         0x0000000008006da4        0xc 
 .text.otg_ram_alloc
                0x0000000008006db0       0x3c /tmp/cc3YzJSJ.ltrans0.ltrans.o
 *fill*         0x0000000008006dec        0x4 
 .text.otg_fifo_write_from_buffer
                0x0000000008006df0       0x3c /tmp/cc3YzJSJ.ltrans0.ltrans.o
 *fill*         0x0000000008006e2c        0x4 
 .text.otg_fifo_read_to_buffer
                0x0000000008006e30       0x50 /tmp/cc3YzJSJ.ltrans0.ltrans.o
 .text.otg_rxfifo_handler
                0x0000000008006e80      0x108 /tmp/cc3YzJSJ.ltrans0.ltrans.o
 *fill*         0x0000000008006f88        0x8 
 .text.otg_txfifo_handler
                0x0000000008006f90      0x12c /tmp/cc3YzJSJ.ltrans0.ltrans.o
 *fill*         0x00000000080070bc        0x4 
 .text.otg_epin_handler
                0x00000000080070c0      0x170 /tmp/cc3YzJSJ.ltrans0.ltrans.o
 .text.otg_epout_handler
                0x0000000008007230      0x17c /tmp/cc3YzJSJ.ltrans0.ltrans.o
 *fill*         0x00000000080073ac        0x4 
 .text.otg_isoc_in_failed_handler
                0x00000000080073b0      0x150 /tmp/cc3YzJSJ.ltrans0.ltrans.o
 .text.otg_isoc_out_failed_handler
                0x0000000008007500       0xe0 /tmp/cc3YzJSJ.ltrans0.ltrans.o
 .text.usb_lld_serve_interrupt
                0x00000000080075e0      0x228 /tmp/cc3YzJSJ.ltrans0.ltrans.o
 *fill*         0x0000000008007808        0x8 
 .text.Vector174
                0x0000000008007810       0x20 /tmp/cc3YzJSJ.ltrans0.ltrans.o
 .text.usb_lld_init
                0x0000000008007830       0x60 /tmp/cc3YzJSJ.ltrans0.ltrans.o
 .text.usb_lld_start
                0x0000000008007890      0x134 /tmp/cc3YzJSJ.ltrans0.ltrans.o
 *fill*         0x00000000080079c4        0xc 
 .text.usb_lld_reset
                0x00000000080079d0      0x12c /tmp/cc3YzJSJ.ltrans0.ltrans.o
 *fill*         0x0000000008007afc        0x4 
 .text.usb_lld_set_address
                0x0000000008007b00       0x28 /tmp/cc3YzJSJ.ltrans0.ltrans.o
 *fill*         0x0000000008007b28        0x8 
 .text.usb_lld_init_endpoint
                0x0000000008007b30      0x250 /tmp/cc3YzJSJ.ltrans0.ltrans.o
 .text.usb_lld_disable_endpoints
                0x0000000008007d80       0x18 /tmp/cc3YzJSJ.ltrans0.ltrans.o
 *fill*         0x0000000008007d98        0x8 
 .text.usb_lld_get_status_out
                0x0000000008007da0       0x40 /tmp/cc3YzJSJ.ltrans0.ltrans.o
 .text.usb_lld_get_status_in
                0x0000000008007de0       0x40 /tmp/cc3YzJSJ.ltrans0.ltrans.o
 .text.usb_lld_read_setup
                0x0000000008007e20       0x30 /tmp/cc3YzJSJ.ltrans0.ltrans.o
 .text.usb_lld_start_out
                0x0000000008007e50      0x140 /tmp/cc3YzJSJ.ltrans0.ltrans.o
 .text.usb_lld_start_in
                0x0000000008007f90      0x15c /tmp/cc3YzJSJ.ltrans0.ltrans.o
 *fill*         0x00000000080080ec        0x4 
 .text.usb_lld_stall_out
                0x00000000080080f0       0x34 /tmp/cc3YzJSJ.ltrans0.ltrans.o
 *fill*         0x0000000008008124        0xc 
 .text.usb_lld_stall_in
                0x0000000008008130       0x34 /tmp/cc3YzJSJ.ltrans0.ltrans.o
 *fill*         0x0000000008008164        0xc 
 .text.usb_lld_clear_out
                0x0000000008008170       0x34 /tmp/cc3YzJSJ.ltrans0.ltrans.o
 *fill*         0x00000000080081a4        0xc 
 .text.usb_lld_clear_in
                0x00000000080081b0       0x34 /tmp/cc3YzJSJ.ltrans0.ltrans.o
 *fill*         0x00000000080081e4        0xc 
 .text.usb_lld_pump
                0x00000000080081f0      0x10c /tmp/cc3YzJSJ.ltrans0.ltrans.o
 *fill*         0x00000000080082fc        0x4 
 .text.port_lock.lto_priv.128
                0x0000000008008300       0x10 /tmp/cc3YzJSJ.ltrans0.ltrans.o
 .text.port_unlock.lto_priv.98
                0x0000000008008310       0x10 /tmp/cc3YzJSJ.ltrans0.ltrans.o
 .text.port_lock_from_isr.lto_priv.191
                0x0000000008008320        0x8 /tmp/cc3YzJSJ.ltrans0.ltrans.o
 *fill*         0x0000000008008328        0x8 
 .text.port_unlock_from_isr.lto_priv.178
                0x0000000008008330        0x8 /tmp/cc3YzJSJ.ltrans0.ltrans.o
 *fill*         0x0000000008008338        0x8 
 .text.chSysLock.lto_priv.70
                0x0000000008008340       0x10 /tmp/cc3YzJSJ.ltrans0.ltrans.o
 .text.chSysUnlock.lto_priv.29
                0x0000000008008350       0x38 /tmp/cc3YzJSJ.ltrans0.ltrans.o
 *fill*         0x0000000008008388        0x8 
 .text.chSysLockFromISR.lto_priv.165
                0x0000000008008390       0x10 /tmp/cc3YzJSJ.ltrans0.ltrans.o
 .text.chSysUnlockFromISR.lto_priv.155
                0x00000000080083a0       0x10 /tmp/cc3YzJSJ.ltrans0.ltrans.o
 .text.osalSysLock.lto_priv.236
                0x00000000080083b0        0x8 /tmp/cc3YzJSJ.ltrans0.ltrans.o
 *fill*         0x00000000080083b8        0x8 
 .text.osalSysUnlock.lto_priv.227
                0x00000000080083c0        0x8 /tmp/cc3YzJSJ.ltrans0.ltrans.o
 *fill*         0x00000000080083c8        0x8 
 .text.osalSysLockFromISR.lto_priv.145
                0x00000000080083d0        0x8 /tmp/cc3YzJSJ.ltrans0.ltrans.o
 *fill*         0x00000000080083d8        0x8 
 .text.osalSysUnlockFromISR.lto_priv.137
                0x00000000080083e0        0x8 /tmp/cc3YzJSJ.ltrans0.ltrans.o
 *fill*         0x00000000080083e8        0x8 
 .text.osalThreadSleep.lto_priv.218
                0x00000000080083f0       0x14 /tmp/cc3YzJSJ.ltrans0.ltrans.o
 *fill*         0x0000000008008404        0xc 
 .text.osalThreadSuspendS.lto_priv.216
                0x0000000008008410       0x18 /tmp/cc3YzJSJ.ltrans0.ltrans.o
 *fill*         0x0000000008008428        0x8 
 .text.osalThreadResumeI.lto_priv.213
                0x0000000008008430       0x18 /tmp/cc3YzJSJ.ltrans0.ltrans.o
 *fill*         0x0000000008008448        0x8 
 .text.sdc_lld_prepare_read_bytes
                0x0000000008008450       0xa0 /tmp/cc3YzJSJ.ltrans0.ltrans.o
 .text.sdc_lld_prepare_read
                0x00000000080084f0       0x78 /tmp/cc3YzJSJ.ltrans0.ltrans.o
 *fill*         0x0000000008008568        0x8 
 .text.sdc_lld_prepare_write
                0x0000000008008570       0x78 /tmp/cc3YzJSJ.ltrans0.ltrans.o
 *fill*         0x00000000080085e8        0x8 
 .text.sdc_lld_wait_transaction_end
                0x00000000080085f0       0x94 /tmp/cc3YzJSJ.ltrans0.ltrans.o
 *fill*         0x0000000008008684        0xc 
 .text.sdc_lld_collect_errors
                0x0000000008008690       0x98 /tmp/cc3YzJSJ.ltrans0.ltrans.o
 *fill*         0x0000000008008728        0x8 
 .text.sdc_lld_error_cleanup
                0x0000000008008730       0x9c /tmp/cc3YzJSJ.ltrans0.ltrans.o
 *fill*         0x00000000080087cc        0x4 
 .text.Vector104
                0x00000000080087d0       0x34 /tmp/cc3YzJSJ.ltrans0.ltrans.o
 *fill*         0x0000000008008804        0xc 
 .text.sdc_lld_init
                0x0000000008008810       0x28 /tmp/cc3YzJSJ.ltrans0.ltrans.o
 *fill*         0x0000000008008838        0x8 
 .text.sdc_lld_start_clk
                0x0000000008008840       0x3c /tmp/cc3YzJSJ.ltrans0.ltrans.o
 *fill*         0x000000000800887c        0x4 
 .text.sdc_lld_set_data_clk
                0x0000000008008880       0x20 /tmp/cc3YzJSJ.ltrans0.ltrans.o
 .text.sdc_lld_stop_clk
                0x00000000080088a0       0x18 /tmp/cc3YzJSJ.ltrans0.ltrans.o
 *fill*         0x00000000080088b8        0x8 
 .text.sdc_lld_set_bus_mode
                0x00000000080088c0       0x50 /tmp/cc3YzJSJ.ltrans0.ltrans.o
 .text.sdc_lld_send_cmd_none
                0x0000000008008910       0x3c /tmp/cc3YzJSJ.ltrans0.ltrans.o
 *fill*         0x000000000800894c        0x4 
 .text.sdc_lld_send_cmd_short
                0x0000000008008950       0x78 /tmp/cc3YzJSJ.ltrans0.ltrans.o
 *fill*         0x00000000080089c8        0x8 
 .text.sdc_lld_send_cmd_short_crc
                0x00000000080089d0       0x78 /tmp/cc3YzJSJ.ltrans0.ltrans.o
 *fill*         0x0000000008008a48        0x8 
 .text.sdc_lld_send_cmd_long_crc
                0x0000000008008a50       0xa0 /tmp/cc3YzJSJ.ltrans0.ltrans.o
 .text.sdc_lld_read_special
                0x0000000008008af0       0x6c /tmp/cc3YzJSJ.ltrans0.ltrans.o
 *fill*         0x0000000008008b5c        0x4 
 .text.sdc_lld_read_aligned
                0x0000000008008b60       0xd8 /tmp/cc3YzJSJ.ltrans0.ltrans.o
 *fill*         0x0000000008008c38        0x8 
 .text.sdc_lld_write_aligned
                0x0000000008008c40       0xdc /tmp/cc3YzJSJ.ltrans0.ltrans.o
 *fill*         0x0000000008008d1c        0x4 
 .text.sdc_lld_read
                0x0000000008008d20       0x80 /tmp/cc3YzJSJ.ltrans0.ltrans.o
 .text.sdc_lld_write
                0x0000000008008da0       0x80 /tmp/cc3YzJSJ.ltrans0.ltrans.o
 .text.sdc_lld_sync
                0x0000000008008e20        0xc /tmp/cc3YzJSJ.ltrans0.ltrans.o
 *fill*         0x0000000008008e2c        0x4 
 .text.port_lock.lto_priv.129
                0x0000000008008e30       0x10 /tmp/cc3YzJSJ.ltrans0.ltrans.o
 .text.port_unlock.lto_priv.99
                0x0000000008008e40       0x10 /tmp/cc3YzJSJ.ltrans0.ltrans.o
 .text.port_lock_from_isr.lto_priv.192
                0x0000000008008e50        0x8 /tmp/cc3YzJSJ.ltrans0.ltrans.o
 *fill*         0x0000000008008e58        0x8 
 .text.port_unlock_from_isr.lto_priv.179
                0x0000000008008e60        0x8 /tmp/cc3YzJSJ.ltrans0.ltrans.o
 *fill*         0x0000000008008e68        0x8 
 .text.chSysLockFromISR.lto_priv.166
                0x0000000008008e70       0x10 /tmp/cc3YzJSJ.ltrans0.ltrans.o
 .text.chSysUnlockFromISR.lto_priv.156
                0x0000000008008e80       0x10 /tmp/cc3YzJSJ.ltrans0.ltrans.o
 .text.chOQIsEmptyI.lto_priv.207
                0x0000000008008e90       0x34 /tmp/cc3YzJSJ.ltrans0.ltrans.o
 *fill*         0x0000000008008ec4        0xc 
 .text.osalSysLockFromISR.lto_priv.146
                0x0000000008008ed0        0x8 /tmp/cc3YzJSJ.ltrans0.ltrans.o
 *fill*         0x0000000008008ed8        0x8 
 .text.osalSysUnlockFromISR.lto_priv.138
                0x0000000008008ee0        0x8 /tmp/cc3YzJSJ.ltrans0.ltrans.o
 *fill*         0x0000000008008ee8        0x8 
 .text.osalEventBroadcastFlagsI.lto_priv.205
                0x0000000008008ef0       0x18 /tmp/cc3YzJSJ.ltrans0.ltrans.o
 *fill*         0x0000000008008f08        0x8 
 .text.usart_init
                0x0000000008008f10       0x9c /tmp/cc3YzJSJ.ltrans0.ltrans.o
 *fill*         0x0000000008008fac        0x4 
 .text.set_error
                0x0000000008008fb0       0x74 /tmp/cc3YzJSJ.ltrans0.ltrans.o
 *fill*         0x0000000008009024        0xc 
 .text.serve_interrupt
                0x0000000008009030      0x140 /tmp/cc3YzJSJ.ltrans0.ltrans.o
 .text.notify1  0x0000000008009170       0x18 /tmp/cc3YzJSJ.ltrans0.ltrans.o
 *fill*         0x0000000008009188        0x8 
 .text.VectorD4
                0x0000000008009190       0x20 /tmp/cc3YzJSJ.ltrans0.ltrans.o
 .text.sd_lld_init
                0x00000000080091b0       0x24 /tmp/cc3YzJSJ.ltrans0.ltrans.o
 *fill*         0x00000000080091d4        0xc 
 .text.sd_lld_start
                0x00000000080091e0       0x50 /tmp/cc3YzJSJ.ltrans0.ltrans.o
 .text.__early_init
                0x0000000008009230        0x8 /tmp/cc3YzJSJ.ltrans0.ltrans.o
                0x0000000008009230                __early_init
 *fill*         0x0000000008009238        0x8 
 .text.sdc_lld_is_card_inserted
                0x0000000008009240        0xc /tmp/cc3YzJSJ.ltrans0.ltrans.o
 *fill*         0x000000000800924c        0x4 
 .text.sdc_lld_is_write_protected
                0x0000000008009250        0xc /tmp/cc3YzJSJ.ltrans0.ltrans.o
 *fill*         0x000000000800925c        0x4 
 .text.boardInit
                0x0000000008009260        0x4 /tmp/cc3YzJSJ.ltrans0.ltrans.o
 *fill*         0x0000000008009264        0xc 
 .text.main     0x0000000008009270       0x4c /tmp/cc3YzJSJ.ltrans0.ltrans.o
                0x0000000008009270                main
 *fill*         0x00000000080092bc        0x4 
 .text.chRegSetThreadName.lto_priv.2
                0x00000000080092c0       0x14 /tmp/cc3YzJSJ.ltrans0.ltrans.o
 *fill*         0x00000000080092d4        0xc 
 .text.chIQGet  0x00000000080092e0       0x1c /tmp/cc3YzJSJ.ltrans0.ltrans.o
 *fill*         0x00000000080092fc        0x4 
 .text.gps_fletcher_8
                0x0000000008009300       0x74 /tmp/cc3YzJSJ.ltrans0.ltrans.o
 *fill*         0x0000000008009374        0xc 
 .text.gps_checksum
                0x0000000008009380       0x6c /tmp/cc3YzJSJ.ltrans0.ltrans.o
 *fill*         0x00000000080093ec        0x4 
 .text.gps_transmit
                0x00000000080093f0       0x60 /tmp/cc3YzJSJ.ltrans0.ltrans.o
 .text.gps_tx_ack
                0x0000000008009450       0x68 /tmp/cc3YzJSJ.ltrans0.ltrans.o
 *fill*         0x00000000080094b8        0x8 
 .text.ublox_state_machine
                0x00000000080094c0      0x318 /tmp/cc3YzJSJ.ltrans0.ltrans.o
 *fill*         0x00000000080097d8        0x8 
 .text.gps_configure
                0x00000000080097e0      0x5b0 /tmp/cc3YzJSJ.ltrans0.ltrans.o
 .text.gps_init
                0x0000000008009d90       0x94 /tmp/cc3YzJSJ.ltrans0.ltrans.o
 *fill*         0x0000000008009e24        0xc 
 .text.gps_thd  0x0000000008009e30       0x44 /tmp/cc3YzJSJ.ltrans0.ltrans.o
 *fill*         0x0000000008009e74        0xc 
 .text.gps_thd_init
                0x0000000008009e80       0x24 /tmp/cc3YzJSJ.ltrans0.ltrans.o
 *fill*         0x0000000008009ea4        0xc 
 .text.set_status
                0x0000000008009eb0       0x30 /tmp/cc3YzJSJ.ltrans0.ltrans.o
 .text.port_lock.lto_priv.130
                0x0000000008009ee0       0x10 /tmp/cc3YzJSJ.ltrans0.ltrans.o
 .text.port_unlock.lto_priv.100
                0x0000000008009ef0       0x10 /tmp/cc3YzJSJ.ltrans0.ltrans.o
 .text.port_lock_from_isr.lto_priv.193
                0x0000000008009f00        0x8 /tmp/cc3YzJSJ.ltrans0.ltrans.o
 *fill*         0x0000000008009f08        0x8 
 .text.port_unlock_from_isr.lto_priv.180
                0x0000000008009f10        0x8 /tmp/cc3YzJSJ.ltrans0.ltrans.o
 *fill*         0x0000000008009f18        0x8 
 .text.chSysLockFromISR.lto_priv.167
                0x0000000008009f20       0x10 /tmp/cc3YzJSJ.ltrans0.ltrans.o
 .text.chSysUnlockFromISR.lto_priv.157
                0x0000000008009f30       0x10 /tmp/cc3YzJSJ.ltrans0.ltrans.o
 .text.osalSysLockFromISR.lto_priv.147
                0x0000000008009f40        0x8 /tmp/cc3YzJSJ.ltrans0.ltrans.o
 *fill*         0x0000000008009f48        0x8 
 .text.osalSysUnlockFromISR.lto_priv.139
                0x0000000008009f50        0x8 /tmp/cc3YzJSJ.ltrans0.ltrans.o
 *fill*         0x0000000008009f58        0x8 
 .text.get_descriptor
                0x0000000008009f60       0x5c /tmp/cc3YzJSJ.ltrans0.ltrans.o
 *fill*         0x0000000008009fbc        0x4 
 .text.usb_event
                0x0000000008009fc0       0x7c /tmp/cc3YzJSJ.ltrans0.ltrans.o
 *fill*         0x000000000800a03c        0x4 
 .text.sof_handler
                0x000000000800a040       0x20 /tmp/cc3YzJSJ.ltrans0.ltrans.o
 .text.port_lock.lto_priv.131
                0x000000000800a060       0x10 /tmp/cc3YzJSJ.ltrans0.ltrans.o
 .text.port_unlock.lto_priv.101
                0x000000000800a070       0x10 /tmp/cc3YzJSJ.ltrans0.ltrans.o
 .text.chSysLock.lto_priv.71
                0x000000000800a080       0x10 /tmp/cc3YzJSJ.ltrans0.ltrans.o
 .text.chSysUnlock.lto_priv.30
                0x000000000800a090       0x38 /tmp/cc3YzJSJ.ltrans0.ltrans.o
 *fill*         0x000000000800a0c8        0x8 
 .text.chVTGetSystemTimeX.lto_priv.7
                0x000000000800a0d0        0xc /tmp/cc3YzJSJ.ltrans0.ltrans.o
 *fill*         0x000000000800a0dc        0x4 
 .text.chVTGetSystemTime
                0x000000000800a0e0       0x1c /tmp/cc3YzJSJ.ltrans0.ltrans.o
 *fill*         0x000000000800a0fc        0x4 
 .text.chRegSetThreadName.lto_priv.3
                0x000000000800a100       0x14 /tmp/cc3YzJSJ.ltrans0.ltrans.o
 *fill*         0x000000000800a114        0xc 
 .text.USBThread
                0x000000000800a120       0x6c /tmp/cc3YzJSJ.ltrans0.ltrans.o
 *fill*         0x000000000800a18c        0x4 
 .text.mem_init
                0x000000000800a190       0x34 /tmp/cc3YzJSJ.ltrans0.ltrans.o
 *fill*         0x000000000800a1c4        0xc 
 .text.usb_driver_init
                0x000000000800a1d0       0x5c /tmp/cc3YzJSJ.ltrans0.ltrans.o
 *fill*         0x000000000800a22c        0x4 
 .text.usb_serial_init
                0x000000000800a230       0x24 /tmp/cc3YzJSJ.ltrans0.ltrans.o
 *fill*         0x000000000800a254        0xc 
 .text._upload_log
                0x000000000800a260       0x48 /tmp/cc3YzJSJ.ltrans0.ltrans.o
 *fill*         0x000000000800a2a8        0x8 
 .text.upload_position_packet
                0x000000000800a2b0       0x40 /tmp/cc3YzJSJ.ltrans0.ltrans.o
 .text.memset   0x000000000800a2f0       0x94 /usr/bin/../lib/gcc/arm-none-eabi/7.2.1/../../../../arm-none-eabi/lib/thumb/v7e-m/fpv4-sp/hard/libg.a(lib_a-memset.o)
                0x000000000800a2f0                memset
 *(.rodata)
 *(.rodata.*)
 *fill*         0x000000000800a384        0xc 
 .rodata.ram_areas
                0x000000000800a390       0x80 /tmp/cc3YzJSJ.ltrans0.ltrans.o
 .rodata.chSysInit.str1.4
                0x000000000800a410        0x5 /tmp/cc3YzJSJ.ltrans0.ltrans.o
 *fill*         0x000000000800a415        0xb 
 .rodata._dbg_check_enable.str1.4
                0x000000000800a420        0x5 /tmp/cc3YzJSJ.ltrans0.ltrans.o
 *fill*         0x000000000800a425        0xb 
 .rodata._dbg_check_lock.str1.4
                0x000000000800a430        0x5 /tmp/cc3YzJSJ.ltrans0.ltrans.o
 *fill*         0x000000000800a435        0xb 
 .rodata._dbg_check_unlock.str1.4
                0x000000000800a440        0x5 /tmp/cc3YzJSJ.ltrans0.ltrans.o
 *fill*         0x000000000800a445        0xb 
 .rodata._dbg_check_lock_from_isr.str1.4
                0x000000000800a450        0x5 /tmp/cc3YzJSJ.ltrans0.ltrans.o
 *fill*         0x000000000800a455        0xb 
 .rodata._dbg_check_unlock_from_isr.str1.4
                0x000000000800a460        0x5 /tmp/cc3YzJSJ.ltrans0.ltrans.o
 *fill*         0x000000000800a465        0xb 
 .rodata._dbg_check_enter_isr.str1.4
                0x000000000800a470        0x5 /tmp/cc3YzJSJ.ltrans0.ltrans.o
 *fill*         0x000000000800a475        0xb 
 .rodata._dbg_check_leave_isr.str1.4
                0x000000000800a480        0x5 /tmp/cc3YzJSJ.ltrans0.ltrans.o
 *fill*         0x000000000800a485        0xb 
 .rodata.chDbgCheckClassI.str1.4
                0x000000000800a490        0x6 /tmp/cc3YzJSJ.ltrans0.ltrans.o
 *fill*         0x000000000800a496        0xa 
 .rodata.chDbgCheckClassS.str1.4
                0x000000000800a4a0        0x6 /tmp/cc3YzJSJ.ltrans0.ltrans.o
 *fill*         0x000000000800a4a6        0xa 
 .rodata.__func__.7813.lto_priv.292
                0x000000000800a4b0        0xb /tmp/cc3YzJSJ.ltrans0.ltrans.o
 *fill*         0x000000000800a4bb        0x5 
 .rodata.__func__.7820
                0x000000000800a4c0        0xd /tmp/cc3YzJSJ.ltrans0.ltrans.o
 *fill*         0x000000000800a4cd        0x3 
 .rodata.chSchGoSleepS.str1.4
                0x000000000800a4d0        0xf /tmp/cc3YzJSJ.ltrans0.ltrans.o
 *fill*         0x000000000800a4df        0x1 
 .rodata.__func__.7810.lto_priv.333
                0x000000000800a4e0        0xc /tmp/cc3YzJSJ.ltrans0.ltrans.o
 *fill*         0x000000000800a4ec        0x4 
 .rodata.__func__.7838.lto_priv.337
                0x000000000800a4f0        0xd /tmp/cc3YzJSJ.ltrans0.ltrans.o
 *fill*         0x000000000800a4fd        0x3 
 .rodata.__func__.7822
                0x000000000800a500        0xd /tmp/cc3YzJSJ.ltrans0.ltrans.o
 *fill*         0x000000000800a50d        0x3 
 .rodata.__func__.7105.lto_priv.32
                0x000000000800a510        0xc /tmp/cc3YzJSJ.ltrans0.ltrans.o
 *fill*         0x000000000800a51c        0x4 
 .rodata.__func__.7276
                0x000000000800a520        0xc /tmp/cc3YzJSJ.ltrans0.ltrans.o
 *fill*         0x000000000800a52c        0x4 
 .rodata.__func__.7866
                0x000000000800a530        0xb /tmp/cc3YzJSJ.ltrans0.ltrans.o
 *fill*         0x000000000800a53b        0x5 
 .rodata.__func__.7876
                0x000000000800a540        0xe /tmp/cc3YzJSJ.ltrans0.ltrans.o
 *fill*         0x000000000800a54e        0x2 
 .rodata.__func__.7888
                0x000000000800a550        0xd /tmp/cc3YzJSJ.ltrans0.ltrans.o
 *fill*         0x000000000800a55d        0x3 
 .rodata.__func__.7288
                0x000000000800a560       0x14 /tmp/cc3YzJSJ.ltrans0.ltrans.o
 *fill*         0x000000000800a574        0xc 
 .rodata.ch_debug
                0x000000000800a580       0x16 /tmp/cc3YzJSJ.ltrans0.ltrans.o
 *fill*         0x000000000800a596        0xa 
 .rodata.__func__.7805.lto_priv.321
                0x000000000800a5a0       0x10 /tmp/cc3YzJSJ.ltrans0.ltrans.o
 .rodata.__func__.7105.lto_priv.36
                0x000000000800a5b0        0xc /tmp/cc3YzJSJ.ltrans0.ltrans.o
 *fill*         0x000000000800a5bc        0x4 
 .rodata.__func__.7813.lto_priv.293
                0x000000000800a5c0        0xb /tmp/cc3YzJSJ.ltrans0.ltrans.o
 *fill*         0x000000000800a5cb        0x5 
 .rodata.__func__.7836
                0x000000000800a5d0        0xc /tmp/cc3YzJSJ.ltrans0.ltrans.o
 *fill*         0x000000000800a5dc        0x4 
 .rodata.__func__.7830.lto_priv.319
                0x000000000800a5e0       0x15 /tmp/cc3YzJSJ.ltrans0.ltrans.o
 *fill*         0x000000000800a5f5        0xb 
 .rodata.__func__.7847.lto_priv.301
                0x000000000800a600        0xd /tmp/cc3YzJSJ.ltrans0.ltrans.o
 *fill*         0x000000000800a60d        0x3 
 .rodata.__func__.7807.lto_priv.297
                0x000000000800a610        0xf /tmp/cc3YzJSJ.ltrans0.ltrans.o
 *fill*         0x000000000800a61f        0x1 
 .rodata.__func__.7105.lto_priv.40
                0x000000000800a620        0xc /tmp/cc3YzJSJ.ltrans0.ltrans.o
 *fill*         0x000000000800a62c        0x4 
 .rodata.__func__.7827.lto_priv.304
                0x000000000800a630        0xa /tmp/cc3YzJSJ.ltrans0.ltrans.o
 *fill*         0x000000000800a63a        0x6 
 .rodata.__func__.7867
                0x000000000800a640        0xb /tmp/cc3YzJSJ.ltrans0.ltrans.o
 *fill*         0x000000000800a64b        0x5 
 .rodata.__func__.7105.lto_priv.41
                0x000000000800a650        0xc /tmp/cc3YzJSJ.ltrans0.ltrans.o
 *fill*         0x000000000800a65c        0x4 
 .rodata.__func__.7833
                0x000000000800a660       0x10 /tmp/cc3YzJSJ.ltrans0.ltrans.o
 .rodata.__func__.7869
                0x000000000800a670       0x11 /tmp/cc3YzJSJ.ltrans0.ltrans.o
 *fill*         0x000000000800a681        0xf 
 .rodata.__func__.7105.lto_priv.42
                0x000000000800a690        0xc /tmp/cc3YzJSJ.ltrans0.ltrans.o
 *fill*         0x000000000800a69c        0x4 
 .rodata.__func__.7807.lto_priv.298
                0x000000000800a6a0       0x11 /tmp/cc3YzJSJ.ltrans0.ltrans.o
 *fill*         0x000000000800a6b1        0xf 
 .rodata.__func__.7813.lto_priv.295
                0x000000000800a6c0       0x10 /tmp/cc3YzJSJ.ltrans0.ltrans.o
 .rodata.__func__.7821.lto_priv.291
                0x000000000800a6d0        0xd /tmp/cc3YzJSJ.ltrans0.ltrans.o
 *fill*         0x000000000800a6dd        0x3 
 .rodata.__func__.7105.lto_priv.43
                0x000000000800a6e0        0xc /tmp/cc3YzJSJ.ltrans0.ltrans.o
 *fill*         0x000000000800a6ec        0x4 
 .rodata.__func__.7831
                0x000000000800a6f0        0xc /tmp/cc3YzJSJ.ltrans0.ltrans.o
 *fill*         0x000000000800a6fc        0x4 
 .rodata.__func__.9571
                0x000000000800a700        0xe /tmp/cc3YzJSJ.ltrans0.ltrans.o
 *fill*         0x000000000800a70e        0x2 
 .rodata.__func__.9582
                0x000000000800a710       0x13 /tmp/cc3YzJSJ.ltrans0.ltrans.o
 *fill*         0x000000000800a723        0xd 
 .rodata.__func__.7506.lto_priv.237
                0x000000000800a730        0xc /tmp/cc3YzJSJ.ltrans0.ltrans.o
 *fill*         0x000000000800a73c        0x4 
 .rodata.__func__.9596
                0x000000000800a740       0x19 /tmp/cc3YzJSJ.ltrans0.ltrans.o
 *fill*         0x000000000800a759        0x7 
 .rodata.__func__.9603
                0x000000000800a760       0x17 /tmp/cc3YzJSJ.ltrans0.ltrans.o
 *fill*         0x000000000800a777        0x9 
 .rodata.__func__.9629
                0x000000000800a780        0xe /tmp/cc3YzJSJ.ltrans0.ltrans.o
 *fill*         0x000000000800a78e        0x2 
 .rodata.__func__.9640
                0x000000000800a790       0x17 /tmp/cc3YzJSJ.ltrans0.ltrans.o
 *fill*         0x000000000800a7a7        0x9 
 .rodata.__func__.9654
                0x000000000800a7b0       0x1a /tmp/cc3YzJSJ.ltrans0.ltrans.o
 *fill*         0x000000000800a7ca        0x6 
 .rodata.__func__.9663
                0x000000000800a7d0       0x13 /tmp/cc3YzJSJ.ltrans0.ltrans.o
 *fill*         0x000000000800a7e3        0xd 
 .rodata.__func__.9171
                0x000000000800a7f0       0x11 /tmp/cc3YzJSJ.ltrans0.ltrans.o
 *fill*         0x000000000800a801        0xf 
 .rodata.__func__.9178
                0x000000000800a810       0x14 /tmp/cc3YzJSJ.ltrans0.ltrans.o
 *fill*         0x000000000800a824        0xc 
 .rodata.__func__.9186
                0x000000000800a830       0x18 /tmp/cc3YzJSJ.ltrans0.ltrans.o
 *fill*         0x000000000800a848        0x8 
 .rodata.sdc_vmt
                0x000000000800a850       0x20 /tmp/cc3YzJSJ.ltrans0.ltrans.o
 .rodata.__func__.9621
                0x000000000800a870       0x13 /tmp/cc3YzJSJ.ltrans0.ltrans.o
 *fill*         0x000000000800a883        0xd 
 .rodata.__func__.9628
                0x000000000800a890       0x13 /tmp/cc3YzJSJ.ltrans0.ltrans.o
 *fill*         0x000000000800a8a3        0xd 
 .rodata.__func__.9672
                0x000000000800a8b0       0x12 /tmp/cc3YzJSJ.ltrans0.ltrans.o
 *fill*         0x000000000800a8c2        0xe 
 .rodata.__func__.7506.lto_priv.238
                0x000000000800a8d0        0xc /tmp/cc3YzJSJ.ltrans0.ltrans.o
 *fill*         0x000000000800a8dc        0x4 
 .rodata.__func__.9704
                0x000000000800a8e0        0xb /tmp/cc3YzJSJ.ltrans0.ltrans.o
 *fill*         0x000000000800a8eb        0x5 
 .rodata.__func__.9715
                0x000000000800a8f0        0xe /tmp/cc3YzJSJ.ltrans0.ltrans.o
 *fill*         0x000000000800a8fe        0x2 
 .rodata.__func__.9723
                0x000000000800a900        0x8 /tmp/cc3YzJSJ.ltrans0.ltrans.o
 *fill*         0x000000000800a908        0x8 
 .rodata.__func__.9731
                0x000000000800a910        0x9 /tmp/cc3YzJSJ.ltrans0.ltrans.o
 *fill*         0x000000000800a919        0x7 
 .rodata.__func__.9741
                0x000000000800a920        0x8 /tmp/cc3YzJSJ.ltrans0.ltrans.o
 *fill*         0x000000000800a928        0x8 
 .rodata.__func__.9746
                0x000000000800a930        0xb /tmp/cc3YzJSJ.ltrans0.ltrans.o
 *fill*         0x000000000800a93b        0x5 
 .rodata.vmt.lto_priv.194
                0x000000000800a940       0x20 /tmp/cc3YzJSJ.ltrans0.ltrans.o
 .rodata.__func__.9213
                0x000000000800a960        0x8 /tmp/cc3YzJSJ.ltrans0.ltrans.o
 *fill*         0x000000000800a968        0x8 
 .rodata.__func__.7105.lto_priv.45
                0x000000000800a970        0xc /tmp/cc3YzJSJ.ltrans0.ltrans.o
 *fill*         0x000000000800a97c        0x4 
 .rodata.__func__.9222
                0x000000000800a980       0x10 /tmp/cc3YzJSJ.ltrans0.ltrans.o
 .rodata.vmt.lto_priv.195
                0x000000000800a990       0x20 /tmp/cc3YzJSJ.ltrans0.ltrans.o
 .rodata.__func__.9227.lto_priv.254
                0x000000000800a9b0        0x9 /tmp/cc3YzJSJ.ltrans0.ltrans.o
 *fill*         0x000000000800a9b9        0x7 
 .rodata.__func__.7105.lto_priv.46
                0x000000000800a9c0        0xc /tmp/cc3YzJSJ.ltrans0.ltrans.o
 *fill*         0x000000000800a9cc        0x4 
 .rodata.__func__.9251
                0x000000000800a9d0        0xc /tmp/cc3YzJSJ.ltrans0.ltrans.o
 *fill*         0x000000000800a9dc        0x4 
 .rodata.zero_status
                0x000000000800a9e0        0x2 /tmp/cc3YzJSJ.ltrans0.ltrans.o
 *fill*         0x000000000800a9e2        0xe 
 .rodata.active_status
                0x000000000800a9f0        0x2 /tmp/cc3YzJSJ.ltrans0.ltrans.o
 *fill*         0x000000000800a9f2        0xe 
 .rodata.halted_status
                0x000000000800aa00        0x2 /tmp/cc3YzJSJ.ltrans0.ltrans.o
 *fill*         0x000000000800aa02        0xe 
 .rodata.__func__.9619.lto_priv.208
                0x000000000800aa10        0x9 /tmp/cc3YzJSJ.ltrans0.ltrans.o
 *fill*         0x000000000800aa19        0x7 
 .rodata.__func__.7506.lto_priv.239
                0x000000000800aa20        0xc /tmp/cc3YzJSJ.ltrans0.ltrans.o
 *fill*         0x000000000800aa2c        0x4 
 .rodata.__func__.9636
                0x000000000800aa30       0x11 /tmp/cc3YzJSJ.ltrans0.ltrans.o
 *fill*         0x000000000800aa41        0xf 
 .rodata.__func__.9641
                0x000000000800aa50       0x15 /tmp/cc3YzJSJ.ltrans0.ltrans.o
 *fill*         0x000000000800aa65        0xb 
 .rodata.__func__.9652
                0x000000000800aa70       0x11 /tmp/cc3YzJSJ.ltrans0.ltrans.o
 *fill*         0x000000000800aa81        0xf 
 .rodata.__func__.9660
                0x000000000800aa90       0x12 /tmp/cc3YzJSJ.ltrans0.ltrans.o
 *fill*         0x000000000800aaa2        0xe 
 .rodata.__func__.9718
                0x000000000800aab0        0xb /tmp/cc3YzJSJ.ltrans0.ltrans.o
 *fill*         0x000000000800aabb        0x5 
 .rodata.__func__.9732
                0x000000000800aac0        0xc /tmp/cc3YzJSJ.ltrans0.ltrans.o
 *fill*         0x000000000800aacc        0x4 
 .rodata.__func__.9173
                0x000000000800aad0       0x1d /tmp/cc3YzJSJ.ltrans0.ltrans.o
 *fill*         0x000000000800aaed        0x3 
 .rodata._stm32_dma_streams
                0x000000000800aaf0       0xc0 /tmp/cc3YzJSJ.ltrans0.ltrans.o
 .rodata.ep0config
                0x000000000800abb0       0x24 /tmp/cc3YzJSJ.ltrans0.ltrans.o
 *fill*         0x000000000800abd4        0xc 
 .rodata.hsparams
                0x000000000800abe0        0xc /tmp/cc3YzJSJ.ltrans0.ltrans.o
 *fill*         0x000000000800abec        0x4 
 .rodata.usb_lld_pump.str1.4
                0x000000000800abf0        0xd /tmp/cc3YzJSJ.ltrans0.ltrans.o
 *fill*         0x000000000800abfd        0x3 
 .rodata.__func__.9612
                0x000000000800ac00        0xe /tmp/cc3YzJSJ.ltrans0.ltrans.o
 *fill*         0x000000000800ac0e        0x2 
 .rodata.__func__.9618
                0x000000000800ac10       0x1b /tmp/cc3YzJSJ.ltrans0.ltrans.o
 *fill*         0x000000000800ac2b        0x5 
 .rodata.__func__.7673
                0x000000000800ac30        0xc /tmp/cc3YzJSJ.ltrans0.ltrans.o
 *fill*         0x000000000800ac3c        0x4 
 .rodata.__func__.7506.lto_priv.240
                0x000000000800ac40        0xc /tmp/cc3YzJSJ.ltrans0.ltrans.o
 *fill*         0x000000000800ac4c        0x4 
 .rodata.__func__.9574
                0x000000000800ac50       0x1b /tmp/cc3YzJSJ.ltrans0.ltrans.o
 *fill*         0x000000000800ac6b        0x5 
 .rodata.__func__.7506.lto_priv.241
                0x000000000800ac70        0xc /tmp/cc3YzJSJ.ltrans0.ltrans.o
 *fill*         0x000000000800ac7c        0x4 
 .rodata.__func__.9696
                0x000000000800ac80       0x15 /tmp/cc3YzJSJ.ltrans0.ltrans.o
 *fill*         0x000000000800ac95        0xb 
 .rodata.__func__.9705
                0x000000000800aca0       0x16 /tmp/cc3YzJSJ.ltrans0.ltrans.o
 *fill*         0x000000000800acb6        0xa 
 .rodata.default_config
                0x000000000800acc0        0xc /tmp/cc3YzJSJ.ltrans0.ltrans.o
 *fill*         0x000000000800accc        0x4 
 .rodata.pal_default_config
                0x000000000800acd0       0xfc /tmp/cc3YzJSJ.ltrans0.ltrans.o
 *fill*         0x000000000800adcc        0x4 
 .rodata.gps_thd.str1.4
                0x000000000800add0        0x4 /tmp/cc3YzJSJ.ltrans0.ltrans.o
 *fill*         0x000000000800add4        0xc 
 .rodata.vcom_device_descriptor_data
                0x000000000800ade0       0x12 /tmp/cc3YzJSJ.ltrans0.ltrans.o
 *fill*         0x000000000800adf2        0xe 
 .rodata.vcom_device_descriptor
                0x000000000800ae00        0x8 /tmp/cc3YzJSJ.ltrans0.ltrans.o
 *fill*         0x000000000800ae08        0x8 
 .rodata.vcom_configuration_descriptor_data
                0x000000000800ae10       0x43 /tmp/cc3YzJSJ.ltrans0.ltrans.o
 *fill*         0x000000000800ae53        0xd 
 .rodata.vcom_configuration_descriptor
                0x000000000800ae60        0x8 /tmp/cc3YzJSJ.ltrans0.ltrans.o
 *fill*         0x000000000800ae68        0x8 
 .rodata.vcom_string0
                0x000000000800ae70        0x4 /tmp/cc3YzJSJ.ltrans0.ltrans.o
 *fill*         0x000000000800ae74        0xc 
 .rodata.vcom_string1
                0x000000000800ae80       0x1e /tmp/cc3YzJSJ.ltrans0.ltrans.o
 *fill*         0x000000000800ae9e        0x2 
 .rodata.vcom_string2
                0x000000000800aea0       0x2c /tmp/cc3YzJSJ.ltrans0.ltrans.o
 *fill*         0x000000000800aecc        0x4 
 .rodata.vcom_string3
                0x000000000800aed0        0x4 /tmp/cc3YzJSJ.ltrans0.ltrans.o
 *fill*         0x000000000800aed4        0xc 
 .rodata.vcom_strings
                0x000000000800aee0       0x20 /tmp/cc3YzJSJ.ltrans0.ltrans.o
 .rodata.ep1config
                0x000000000800af00       0x24 /tmp/cc3YzJSJ.ltrans0.ltrans.o
 *fill*         0x000000000800af24        0xc 
 .rodata.ep2config
                0x000000000800af30       0x24 /tmp/cc3YzJSJ.ltrans0.ltrans.o
 *fill*         0x000000000800af54        0xc 
 .rodata.usbcfg
                0x000000000800af60       0x10 /tmp/cc3YzJSJ.ltrans0.ltrans.o
 .rodata.serusbcfg
                0x000000000800af70        0x8 /tmp/cc3YzJSJ.ltrans0.ltrans.o
 *fill*         0x000000000800af78        0x8 
 .rodata.USBThread.str1.4
                0x000000000800af80        0x4 /tmp/cc3YzJSJ.ltrans0.ltrans.o
 *fill*         0x000000000800af84        0xc 
 .rodata.packet_size.9665
                0x000000000800af90        0x4 /tmp/cc3YzJSJ.ltrans0.ltrans.o